Archive member included because of file (symbol)

../libs\libh2core.a(buzzer.o)
                              main.o (beepstd)
../libs\libh2core.a(lcd.o)    main.o (lcd_draw_fillrect)
../libs\libh2core.a(rtc-isl1208.o)
                              main.o (sys_set_datetime)
../libs\libh2core.a(led.o)    main.o (led_on)
../libs\libh2core.a(sys.o)    main.o (gettickcount)
../libs\libh2core.a(tick.o)   ../libs\libh2core.a(sys.o) (tick_get)
../libs\libh2core.a(vibrator.o)
                              ../libs\libh2core.a(tick.o) (_vibrate_intr_check)
../libs\libh2core.a(tpa2012.o)
                              ../libs\libh2core.a(buzzer.o) (audio_beep)
../libs\libh2core.a(fposix_yaffs.o)
                              ../libs\libh2core.a(tpa2012.o) (pfgetsize)
../libs\libh2core.a(nf_link.o)
                              ../libs\libh2core.a(fposix_yaffs.o) (nf_link_erase_all_blocks)
../libs\libh2core.a(tm023kdz06.o)
                              ../libs\libh2core.a(lcd.o) (tm023kdz_sub_init)
../libs\libh2core.a(nf.o)     ../libs\libh2core.a(nf_link.o) (nf_open_page_write)
../libs\libh2core.a(pcd.o)    main.o (pcd_get_info)
../libs\libh2core.a(abdac.o)  ../libs\libh2core.a(tpa2012.o) (abdac_enable)
../libs\libh2core.a(smc.o)    ../libs\libh2core.a(tm023kdz06.o) (smc_init)
../libs\libh2core.a(gpio.o)   ../libs\libh2core.a(rtc-isl1208.o) (gpio_enable_module)
../libs\libh2core.a(intc.o)   ../libs\libh2core.a(tick.o) (INTC_register_interrupt)
../libs\libh2core.a(pdca.o)   ../libs\libh2core.a(tpa2012.o) (pdca_disable)
../libs\libh2core.a(pm.o)     ../libs\libh2core.a(tpa2012.o) (pm_enable_osc1_crystal)
../libs\libh2core.a(phbalReg_Stub.o)
                              ../libs\libh2core.a(pcd.o) (phbalReg_Stub_Init)
../libs\libh2core.a(phhalHw.o)
                              ../libs\libh2core.a(pcd.o) (phhalHw_ReadProductInfo)
../libs\libh2core.a(phhalHw_Rc663.o)
                              ../libs\libh2core.a(pcd.o) (phhalHw_Rc663_Init)
../libs\libh2core.a(phhalHw_Rc663_Cmd.o)
                              ../libs\libh2core.a(phhalHw_Rc663.o) (phhalHw_Rc663_Cmd_LoadKeyE2)
../libs\libh2core.a(phhalHw_Rc663_Int.o)
                              ../libs\libh2core.a(phhalHw_Rc663.o) (phhalHw_Rc663_GetRxBuffer)
../libs\libh2core.a(phhalHw_Rc663_Wait.o)
                              ../libs\libh2core.a(phhalHw_Rc663.o) (phhalHw_Rc663_WaitIrq)
../libs\libh2core.a(phpalFelica.o)
                              ../libs\libh2core.a(pcd.o) (phpalFelica_GetSerialNo)
../libs\libh2core.a(phpalFelica_Sw.o)
                              ../libs\libh2core.a(pcd.o) (phpalFelica_Sw_Init)
../libs\libh2core.a(phpalI14443p3a.o)
                              ../libs\libh2core.a(pcd.o) (phpalI14443p3a_SetTimeOut)
../libs\libh2core.a(phpalI14443p3a_Sw.o)
                              ../libs\libh2core.a(pcd.o) (phpalI14443p3a_Sw_Init)
../libs\libh2core.a(phpalI14443p3b.o)
                              ../libs\libh2core.a(pcd.o) (phpalI14443p3b_Exchange)
../libs\libh2core.a(phpalI14443p3b_Sw.o)
                              ../libs\libh2core.a(pcd.o) (phpalI14443p3b_Sw_Init)
../libs\libh2core.a(phpalI14443p4a.o)
                              ../libs\libh2core.a(pcd.o) (phpalI14443p4a_ActivateCard)
../libs\libh2core.a(phpalI14443p4a_Sw.o)
                              ../libs\libh2core.a(pcd.o) (phpalI14443p4a_Sw_Init)
../libs\libh2core.a(phpalI14443p4.o)
                              ../libs\libh2core.a(pcd.o) (phpalI14443p4_Exchange)
../libs\libh2core.a(phpalI14443p4_Sw.o)
                              ../libs\libh2core.a(phpalI14443p4.o) (phpalI14443p4_Sw_SetProtocol)
../libs\libh2core.a(phpalMifare.o)
                              ../libs\libh2core.a(pcd.o) (phpalMifare_MfcAuthenticate)
../libs\libh2core.a(phpalMifare_Sw.o)
                              ../libs\libh2core.a(pcd.o) (phpalMifare_Sw_Init)
../libs\libh2core.a(phTools.o)
                              ../libs\libh2core.a(phpalMifare_Sw.o) (phTools_CalculateCrc16)
../libs\libh2core.a(spi.o)    ../libs\libh2core.a(phbalReg_Stub.o) (spi_selectChip)
../libs\libh2core.a(tc.o)     ../libs\libh2core.a(tick.o) (tc_init_waveform)
../libs\libh2core.a(twim.o)   ../libs\libh2core.a(rtc-isl1208.o) (twim_write_packet)
../libs\libh2core.a(scom.o)   main.o (scom_get_signal_strength)
../libs\libh2core.a(tcp.o)    main.o (tcp_flush)
../libs\libh2core.a(ttl_serial.o)
                              ../libs\libh2core.a(scom.o) (ttl_serial_write_string)
../libs\libh2core.a(trampoline_uc3.o)
                              (_trampoline)
../libs\libh2core.a(delay.o)  ../libs\libh2core.a(lcd.o) (sleep_us)
../libs\libh2core.a(sysclk.o)
                              ../libs\libh2core.a(tick.o) (sysclk_priv_enable_module)
../libs\libh2core.a(spi_master.o)
                              ../libs\libh2core.a(phbalReg_Stub.o) (spi_exchange)
../libs\libh2core.a(nanddrv.o)
                              ../libs\libh2core.a(fposix_yaffs.o) (nand_set_format_flag)
../libs\libh2core.a(yaffscfg2k.o)
[...]
Memory Configuration

Name             Origin             Length             Attributes
SDRAM            0xd0000000         0x01000000         axrl !w
INTRAM           0xd1000000         0x00400000         axw !rl
*default*        0x00000000         0xffffffff

Linker script and memory map

                0x00001000                _stack_size = 0x1000
LOAD main.o
LOAD ../libs\libh2framework.a
LOAD ../libs\libh2core.a
LOAD ../libs\lib_iniparser.a
LOAD ../libs\lib_util.a
LOAD ../libs\lib_font.a
LOAD c:/program files (x86)/atmel/avr studio 5.1/extensions/atmel/avrgcc/3.3.1.27/avrtoolchain/bin/../lib/gcc/avr32/4.4.3/ucr2\libgcc.a
LOAD c:/program files (x86)/atmel/avr studio 5.1/extensions/atmel/avrgcc/3.3.1.27/avrtoolchain/bin/../lib/gcc/avr32/4.4.3/../../../../avr32/lib/ucr2\libc.a
LOAD c:/program files (x86)/atmel/avr studio 5.1/extensions/atmel/avrgcc/3.3.1.27/avrtoolchain/bin/../lib/gcc/avr32/4.4.3/ucr2\libgcc.a
                0xd0000000                PROVIDE (__executable_start, 0xd0000000)
                0xd0000000                . = 0xd0000000

.interp
 *(.interp)

.reset          0xd0000000     0x2008
 *(.reset)
 .reset         0xd0000000     0x2008 ../libs\libh2core.a(trampoline_uc3.o)
                0xd0000000                _trampoline

.hash
 *(.hash)

.dynsym
 *(.dynsym)

.dynstr
 *(.dynstr)

.gnu.version
 *(.gnu.version)

.gnu.version_d
 *(.gnu.version_d)

.gnu.version_r
 *(.gnu.version_r)

.rel.init
 *(.rel.init)

.rela.init
 *(.rela.init)

.rel.text
 *(.rel.text .rel.text.* .rel.gnu.linkonce.t.*)

.rela.text
 *(.rela.text .rela.text.* .rela.gnu.linkonce.t.*)

.rel.fini
 *(.rel.fini)

.rela.fini
 *(.rela.fini)

.rel.rodata
 *(.rel.rodata .rel.rodata.* .rel.gnu.linkonce.r.*)

.rela.rodata
 *(.rela.rodata .rela.rodata.* .rela.gnu.linkonce.r.*)

.rel.data.rel.ro
 *(.rel.data.rel.ro*)

.rela.data.rel.ro
 *(.rel.data.rel.ro*)

.rel.data
 *(.rel.data .rel.data.* .rel.gnu.linkonce.d.*)

.rela.data
 *(.rela.data .rela.data.* .rela.gnu.linkonce.d.*)

.rel.tdata
 *(.rel.tdata .rel.tdata.* .rel.gnu.linkonce.td.*)

.rela.tdata
 *(.rela.tdata .rela.tdata.* .rela.gnu.linkonce.td.*)

.rel.tbss
 *(.rel.tbss .rel.tbss.* .rel.gnu.linkonce.tb.*)

.rela.tbss
 *(.rela.tbss .rela.tbss.* .rela.gnu.linkonce.tb.*)

.rel.ctors
 *(.rel.ctors)

.rela.ctors
 *(.rela.ctors)

.rel.dtors
 *(.rel.dtors)

.rela.dtors
 *(.rela.dtors)

.rel.got
 *(.rel.got)

.rela.got       0xd0002008        0x0
 *(.rela.got)
 .rela.got      0xd0002008        0x0 ../libs\libh2core.a(yaffsfs.o)

.rel.bss
 *(.rel.bss .rel.bss.* .rel.gnu.linkonce.b.*)

.rela.bss
 *(.rela.bss .rela.bss.* .rela.gnu.linkonce.b.*)

.rel.plt
 *(.rel.plt)

.rela.plt
 *(.rela.plt)

.init
 *(.init)

.plt
 *(.plt)

.text           0xd0002008    0x29990
 *(.text .stub .text.* .gnu.linkonce.t.*)
 .text          0xd0002008       0x60 main.o
 .text.getPrevHB
                0xd0002068        0xc main.o
                0xd0002068                getPrevHB
 .text.getNextHB
                0xd0002074       0x12 main.o
                0xd0002074                getNextHB
 *fill*         0xd0002086        0x2 d703d703
 .text.epoch_to_date_time
                0xd0002088      0x10c main.o
                0xd0002088                epoch_to_date_time
 .text.lcd_reset
                0xd0002194       0x1c main.o
                0xd0002194                lcd_reset
 .text.read_config
                0xd00021b0       0x28 main.o
                0xd00021b0                read_config
 .text.clear_lcd_draw_string
                0xd00021d8       0x38 main.o
                0xd00021d8                clear_lcd_draw_string
 .text.isReset  0xd0002210       0x44 main.o
                0xd0002210                isReset
 .text.ShowProgressMessage
                0xd0002254       0x70 main.o
                0xd0002254                ShowProgressMessage
 .text.scom_on_ppp
                0xd00022c4       0x74 main.o
                0xd00022c4                scom_on_ppp
 .text.scom_Disconnect
                0xd0002338       0x74 main.o
                0xd0002338                scom_Disconnect
 .text.scom_Tcp_Disconnect
                0xd00023ac       0x5c main.o
                0xd00023ac                scom_Tcp_Disconnect
 .text.scom_Tcp_Read
                0xd0002408      0x4d0 main.o
                0xd0002408                scom_Tcp_Read
 .text.scom_Tcp_Write
                0xd00028d8       0x64 main.o
                0xd00028d8                scom_Tcp_Write
 .text.scom_Tcp_Connect
                0xd000293c       0x64 main.o
                0xd000293c                scom_Tcp_Connect
 .text.TCPSEND  0xd00029a0       0x7c main.o
                0xd00029a0                TCPSEND
 .text.scom_Status
                0xd0002a1c      0x1c4 main.o
                0xd0002a1c                scom_Status
 .text.Connection3G
                0xd0002be0      0x22c main.o
                0xd0002be0                Connection3G
 .text.CheckConnection3G
                0xd0002e0c       0x54 main.o
                0xd0002e0c                CheckConnection3G
 .text.getTime  0xd0002e60       0xb0 main.o
                0xd0002e60                getTime
 .text.getDeviceID
                0xd0002f10       0x38 main.o
                0xd0002f10                getDeviceID
 .text.main     0xd0002f48      0xb2c main.o
                0xd0002f48                main
 .text._beep_intr_check
                0xd0003a74        0x2 ../libs\libh2core.a(buzzer.o)
                0xd0003a74                _beep_intr_check
 *fill*         0xd0003a76        0x2 d703d703
 .text.beep     0xd0003a78        0xc ../libs\libh2core.a(buzzer.o)
                0xd0003a78                beep
 .text.beepstd  0xd0003a84       0x14 ../libs\libh2core.a(buzzer.o)
                0xd0003a84                beepstd
 .text.sound_positive
                0xd0003a98       0x28 ../libs\libh2core.a(buzzer.o)
                0xd0003a98                sound_positive
 .text.sound_negative
                0xd0003ac0       0x2c ../libs\libh2core.a(buzzer.o)
                0xd0003ac0                sound_negative
 .text.lcd_draw_fillrect
                0xd0003aec       0x18 ../libs\libh2core.a(lcd.o)
                0xd0003aec                lcd_draw_fillrect
 .text.lcd_draw_string
                0xd0003b04       0x18 ../libs\libh2core.a(lcd.o)
                0xd0003b04                lcd_draw_string
 .text.lcd_show_status_message
                0xd0003b1c       0x7c ../libs\libh2core.a(lcd.o)
                0xd0003b1c                lcd_show_status_message
 .text.lcd_sub_init
                0xd0003b98        0xc ../libs\libh2core.a(lcd.o)
                0xd0003b98                lcd_sub_init
 .text.lcd_back_light
                0xd0003ba4       0x20 ../libs\libh2core.a(lcd.o)
                0xd0003ba4                lcd_back_light
 .text.lcd_drop_back_light
                0xd0003bc4       0x54 ../libs\libh2core.a(lcd.o)
                0xd0003bc4                lcd_drop_back_light
 .text.lcd_back_light_set_level
                0xd0003c18       0x3c ../libs\libh2core.a(lcd.o)
                0xd0003c18                lcd_back_light_set_level
 .text.lcd_back_light_smooth
                0xd0003c54       0x44 ../libs\libh2core.a(lcd.o)
                0xd0003c54                lcd_back_light_smooth
 .text.lcd_init
                0xd0003c98       0x80 ../libs\libh2core.a(lcd.o)
                0xd0003c98                lcd_init
 .text.bcd2bin  0xd0003d18       0x14 ../libs\libh2core.a(rtc-isl1208.o)
                0xd0003d18                bcd2bin
 .text.bin2bcd  0xd0003d2c       0x24 ../libs\libh2core.a(rtc-isl1208.o)
                0xd0003d2c                bin2bcd
 .text.sys_validate_datetime
                0xd0003d50       0xae ../libs\libh2core.a(rtc-isl1208.o)
                0xd0003d50                sys_validate_datetime
 *fill*         0xd0003dfe        0x2 d703d703
 .text.isl1208_reg_write
                0xd0003e00       0x34 ../libs\libh2core.a(rtc-isl1208.o)
                0xd0003e00                isl1208_reg_write
 .text.isl1208_reg_read
                0xd0003e34       0x34 ../libs\libh2core.a(rtc-isl1208.o)
                0xd0003e34                isl1208_reg_read
 .text.rtc_set_time
                0xd0003e68       0xbc ../libs\libh2core.a(rtc-isl1208.o)
                0xd0003e68                rtc_set_time
 .text.rtc_read_time
                0xd0003f24       0xa0 ../libs\libh2core.a(rtc-isl1208.o)
                0xd0003f24                rtc_read_time
 .text.sys_set_datetime
                0xd0003fc4      0x140 ../libs\libh2core.a(rtc-isl1208.o)
                0xd0003fc4                sys_set_datetime
 .text.sys_get_datetime
                0xd0004104      0x1b4 ../libs\libh2core.a(rtc-isl1208.o)
                0xd0004104                sys_get_datetime
 .text.twi_init
                0xd00042b8       0x68 ../libs\libh2core.a(rtc-isl1208.o)
                0xd00042b8                twi_init
 .text.rtc_init
                0xd0004320       0x70 ../libs\libh2core.a(rtc-isl1208.o)
                0xd0004320                rtc_init
 .text.led_force_start
                0xd0004390       0x3c ../libs\libh2core.a(led.o)
                0xd0004390                led_force_start
 .text._led_on  0xd00043cc       0x44 ../libs\libh2core.a(led.o)
                0xd00043cc                _led_on
 .text.led_on   0xd0004410       0x2c ../libs\libh2core.a(led.o)
                0xd0004410                led_on
 .text._led_off
                0xd000443c       0x44 ../libs\libh2core.a(led.o)
                0xd000443c                _led_off
 .text._led_intr_check
                0xd0004480       0x9c ../libs\libh2core.a(led.o)
                0xd0004480                _led_intr_check
 .text.led_off  0xd000451c       0x2c ../libs\libh2core.a(led.o)
                0xd000451c                led_off
 .text.led_init
                0xd0004548       0x3c ../libs\libh2core.a(led.o)
                0xd0004548                led_init
 .text.init_hardware_check
                0xd0004584        0x2 ../libs\libh2core.a(sys.o)
                0xd0004584                init_hardware_check
 *fill*         0xd0004586        0x2 d703d703
 .text.gettickcount
                0xd0004588        0xc ../libs\libh2core.a(sys.o)
                0xd0004588                gettickcount
 .text.tick_get
                0xd0004594        0xc ../libs\libh2core.a(tick.o)
                0xd0004594                tick_get
 .text.sysclk_enable_pba_module
                0xd00045a0       0x10 ../libs\libh2core.a(tick.o)
 .text.tick_init
                0xd00045b0       0x68 ../libs\libh2core.a(tick.o)
                0xd00045b0                tick_init
 .text.tick_irq
                0xd0004618       0x64 ../libs\libh2core.a(tick.o)
 .text._vibrate_intr_check
                0xd000467c        0x2 ../libs\libh2core.a(vibrator.o)
                0xd000467c                _vibrate_intr_check
 .text.master_callback
                0xd000467e        0x2 ../libs\libh2core.a(tpa2012.o)
                0xd000467e                master_callback
 .text.tpa2012_dac_stop
                0xd0004680       0x3c ../libs\libh2core.a(tpa2012.o)
                0xd0004680                tpa2012_dac_stop
 .text.tpa2012_abdac_tx_pdca_int_handler
                0xd00046bc       0x60 ../libs\libh2core.a(tpa2012.o)
 .text.tpa2012_dac_output
                0xd000471c       0x60 ../libs\libh2core.a(tpa2012.o)
                0xd000471c                tpa2012_dac_output
 .text.audio_beep_channel
                0xd000477c      0x144 ../libs\libh2core.a(tpa2012.o)
                0xd000477c                audio_beep_channel
 .text.audio_beep
                0xd00048c0       0x10 ../libs\libh2core.a(tpa2012.o)
                0xd00048c0                audio_beep
 .text.tpa2012_dac_setup
                0xd00048d0       0x90 ../libs\libh2core.a(tpa2012.o)
                0xd00048d0                tpa2012_dac_setup
 .text.tpa2012_dac_start
                0xd0004960       0x5c ../libs\libh2core.a(tpa2012.o)
                0xd0004960                tpa2012_dac_start
 .text.audio_init
                0xd00049bc       0x64 ../libs\libh2core.a(tpa2012.o)
                0xd00049bc                audio_init
 .text.pferror  0xd0004a20       0x30 ../libs\libh2core.a(fposix_yaffs.o)
                0xd0004a20                pferror
 .text.pfwrite  0xd0004a50       0x30 ../libs\libh2core.a(fposix_yaffs.o)
                0xd0004a50                pfwrite
 .text.pfgetsize
                0xd0004a80       0x64 ../libs\libh2core.a(fposix_yaffs.o)
                0xd0004a80                pfgetsize
 .text.pfread   0xd0004ae4       0x58 ../libs\libh2core.a(fposix_yaffs.o)
                0xd0004ae4                pfread
 .text.pfgets   0xd0004b3c      0x168 ../libs\libh2core.a(fposix_yaffs.o)
                0xd0004b3c                pfgets
 .text.yaffs_perror
                0xd0004ca4       0x14 ../libs\libh2core.a(fposix_yaffs.o)
 .text.pf_ls    0xd0004cb8      0x158 ../libs\libh2core.a(fposix_yaffs.o)
                0xd0004cb8                pf_ls
 .text.pflistfile
                0xd0004e10        0xc ../libs\libh2core.a(fposix_yaffs.o)
                0xd0004e10                pflistfile
 .text.pfclose  0xd0004e1c       0x18 ../libs\libh2core.a(fposix_yaffs.o)
                0xd0004e1c                pfclose
 .text.pfopen   0xd0004e34       0xe0 ../libs\libh2core.a(fposix_yaffs.o)
                0xd0004e34                pfopen
 .text.tm023kdz_sub_init
                0xd0004f14        0x2 ../libs\libh2core.a(tm023kdz06.o)
                0xd0004f14                tm023kdz_sub_init
 *fill*         0xd0004f16        0x2 d703d703
 .text.tm023kdz_DuplicatePixel
                0xd0004f18       0x90 ../libs\libh2core.a(tm023kdz06.o)
 .text.tm023kdz_SetLimits
                0xd0004fa8       0x7c ../libs\libh2core.a(tm023kdz06.o)
 .text.tm023kdz_DrawFilledRect
                0xd0005024       0x40 ../libs\libh2core.a(tm023kdz06.o)
                0xd0005024                tm023kdz_DrawFilledRect
 .text.tm023kdz_DrawBitmap2_withcolors
                0xd0005064       0xe0 ../libs\libh2core.a(tm023kdz06.o)
                0xd0005064                tm023kdz_DrawBitmap2_withcolors
 .text.tm023kdz_DrawQuickPixel
                0xd0005144       0x4c ../libs\libh2core.a(tm023kdz06.o)
 .text.tm023kdz_DrawBitmap2_withtransparent
                0xd0005190       0xd8 ../libs\libh2core.a(tm023kdz06.o)
                0xd0005190                tm023kdz_DrawBitmap2_withtransparent
 .text.tm023kdz_DrawBitmap2
                0xd0005268       0x48 ../libs\libh2core.a(tm023kdz06.o)
                0xd0005268                tm023kdz_DrawBitmap2
 .text.tm023kdz_PrintString
                0xd00052b0      0x1f8 ../libs\libh2core.a(tm023kdz06.o)
                0xd00052b0                tm023kdz_PrintString
 .text.kd035c_Init
                0xd00054a8      0x4c8 ../libs\libh2core.a(tm023kdz06.o)
                0xd00054a8                kd035c_Init
 .text.tm023kdz_Init
                0xd0005970       0x18 ../libs\libh2core.a(tm023kdz06.o)
                0xd0005970                tm023kdz_Init
 .text.nf_wait_busy
                0xd0005988       0x46 ../libs\libh2core.a(nf.o)
                0xd0005988                nf_wait_busy
 *fill*         0xd00059ce        0x2 d703d703
 .text.nf_reset_nands
                0xd00059d0       0x50 ../libs\libh2core.a(nf.o)
                0xd00059d0                nf_reset_nands
 .text.nf_unprotect
                0xd0005a20       0x10 ../libs\libh2core.a(nf.o)
                0xd0005a20                nf_unprotect
 .text.nf_init  0xd0005a30       0x34 ../libs\libh2core.a(nf.o)
                0xd0005a30                nf_init
 .text.pcd_status_to_error
                0xd0005a64        0x4 ../libs\libh2core.a(pcd.o)
                0xd0005a64                pcd_status_to_error
 .text.pcd_read_ee
                0xd0005a68       0xb8 ../libs\libh2core.a(pcd.o)
                0xd0005a68                pcd_read_ee
 .text.pcd_get_info
                0xd0005b20       0xa0 ../libs\libh2core.a(pcd.o)
                0xd0005b20                pcd_get_info
 .text.pcd_debugprint
                0xd0005bc0       0x54 ../libs\libh2core.a(pcd.o)
                0xd0005bc0                pcd_debugprint
 .text.pcd_get_id
                0xd0005c14       0x20 ../libs\libh2core.a(pcd.o)
                0xd0005c14                pcd_get_id
 .text.pcd_rf_off
                0xd0005c34       0x1c ../libs\libh2core.a(pcd.o)
                0xd0005c34                pcd_rf_off
 .text.pcd_reset
                0xd0005c50       0x30 ../libs\libh2core.a(pcd.o)
                0xd0005c50                pcd_reset
 .text.pcd_set_rc_setting
                0xd0005c80       0x18 ../libs\libh2core.a(pcd.o)
                0xd0005c80                pcd_set_rc_setting
 .text.pcd_rf_reset
                0xd0005c98       0x38 ../libs\libh2core.a(pcd.o)
                0xd0005c98                pcd_rf_reset
 .text.pcd_rf_on
                0xd0005cd0       0x38 ../libs\libh2core.a(pcd.o)
                0xd0005cd0                pcd_rf_on
 .text.pcd_configure_ant_version
                0xd0005d08       0xcc ../libs\libh2core.a(pcd.o)
                0xd0005d08                pcd_configure_ant_version
 .text.pcd_applyprotocol
                0xd0005dd4       0x6c ../libs\libh2core.a(pcd.o)
                0xd0005dd4                pcd_applyprotocol
 .text.pcd_reqb
                0xd0005e40       0x60 ../libs\libh2core.a(pcd.o)
                0xd0005e40                pcd_reqb
 .text.pcd_select
                0xd0005ea0       0x40 ../libs\libh2core.a(pcd.o)
                0xd0005ea0                pcd_select
 .text.pcd_anticol
                0xd0005ee0       0x48 ../libs\libh2core.a(pcd.o)
                0xd0005ee0                pcd_anticol
 .text.pcd_reqa
                0xd0005f28       0xa0 ../libs\libh2core.a(pcd.o)
                0xd0005f28                pcd_reqa
 .text.pcd_init
                0xd0005fc8      0x224 ../libs\libh2core.a(pcd.o)
                0xd0005fc8                pcd_init
 .text.abdac_enable
                0xd00061ec       0x14 ../libs\libh2core.a(abdac.o)
                0xd00061ec                abdac_enable
 .text.abdac_disable
                0xd0006200       0x16 ../libs\libh2core.a(abdac.o)
                0xd0006200                abdac_disable
 .text.abdac_swap_channels
                0xd0006216       0x18 ../libs\libh2core.a(abdac.o)
                0xd0006216                abdac_swap_channels
 .text.abdac_set_dac_hz
                0xd000622e       0x7e ../libs\libh2core.a(abdac.o)
                0xd000622e                abdac_set_dac_hz
 .text.abdac_set_dac_sample_rate
                0xd00062ac      0x218 ../libs\libh2core.a(abdac.o)
                0xd00062ac                abdac_set_dac_sample_rate
 .text.smc_init
                0xd00064c4      0x180 ../libs\libh2core.a(smc.o)
                0xd00064c4                smc_init
 .text.gpio_enable_module_pin
                0xd0006644       0x52 ../libs\libh2core.a(gpio.o)
                0xd0006644                gpio_enable_module_pin
 *fill*         0xd0006696        0x2 d703d703
 .text.gpio_enable_module
                0xd0006698       0x30 ../libs\libh2core.a(gpio.o)
                0xd0006698                gpio_enable_module
 .text.gpio_enable_gpio_pin
                0xd00066c8       0x18 ../libs\libh2core.a(gpio.o)
                0xd00066c8                gpio_enable_gpio_pin
 .text.gpio_enable_gpio
                0xd00066e0       0x28 ../libs\libh2core.a(gpio.o)
                0xd00066e0                gpio_enable_gpio
 .text.gpio_configure_pin
                0xd0006708       0xb8 ../libs\libh2core.a(gpio.o)
                0xd0006708                gpio_configure_pin
 .text.gpio_get_pin_value
                0xd00067c0       0x16 ../libs\libh2core.a(gpio.o)
                0xd00067c0                gpio_get_pin_value
 .text.gpio_set_gpio_pin
                0xd00067d6       0x1c ../libs\libh2core.a(gpio.o)
                0xd00067d6                gpio_set_gpio_pin
 .text.gpio_set_pin_high
                0xd00067f2       0x16 ../libs\libh2core.a(gpio.o)
                0xd00067f2                gpio_set_pin_high
 .text.gpio_set_pin_low
                0xd0006808       0x16 ../libs\libh2core.a(gpio.o)
                0xd0006808                gpio_set_pin_low
 .text.gpio_clr_gpio_pin
                0xd000681e       0x1c ../libs\libh2core.a(gpio.o)
                0xd000681e                gpio_clr_gpio_pin
 .text._unhandled_interrupt
                0xd000683a        0x2 ../libs\libh2core.a(intc.o)
 .text.INTC_register_interrupt
                0xd000683c       0x80 ../libs\libh2core.a(intc.o)
                0xd000683c                INTC_register_interrupt
 .text.INTC_init_interrupts
                0xd00068bc       0x54 ../libs\libh2core.a(intc.o)
                0xd00068bc                INTC_init_interrupts
 .text._get_interrupt_handler
                0xd0006910       0x38 ../libs\libh2core.a(intc.o)
                0xd0006910                _get_interrupt_handler
 .text.pdca_get_handler
                0xd0006948       0x10 ../libs\libh2core.a(pdca.o)
                0xd0006948                pdca_get_handler
 .text.pdca_disable
                0xd0006958       0x10 ../libs\libh2core.a(pdca.o)
                0xd0006958                pdca_disable
 .text.pdca_enable
                0xd0006968       0x10 ../libs\libh2core.a(pdca.o)
                0xd0006968                pdca_enable
 .text.pdca_enable_interrupt_transfer_complete
                0xd0006978       0x10 ../libs\libh2core.a(pdca.o)
                0xd0006978                pdca_enable_interrupt_transfer_complete
 .text.pdca_enable_interrupt_reload_counter_zero
                0xd0006988       0x10 ../libs\libh2core.a(pdca.o)
                0xd0006988                pdca_enable_interrupt_reload_counter_zero
 .text.pdca_get_transfer_status
                0xd0006998       0x10 ../libs\libh2core.a(pdca.o)
                0xd0006998                pdca_get_transfer_status
 .text.pdca_disable_interrupt_reload_counter_zero
                0xd00069a8       0x28 ../libs\libh2core.a(pdca.o)
                0xd00069a8                pdca_disable_interrupt_reload_counter_zero
 .text.pdca_disable_interrupt_transfer_complete
                0xd00069d0       0x28 ../libs\libh2core.a(pdca.o)
                0xd00069d0                pdca_disable_interrupt_transfer_complete
 .text.pdca_reload_channel
                0xd00069f8       0x40 ../libs\libh2core.a(pdca.o)
                0xd00069f8                pdca_reload_channel
 .text.pdca_init_channel
                0xd0006a38       0x60 ../libs\libh2core.a(pdca.o)
                0xd0006a38                pdca_init_channel
 .text.pm_set_osc0_mode
                0xd0006a98        0xa ../libs\libh2core.a(pm.o)
 *fill*         0xd0006aa2        0x2 d703d703
 .text.pm_enable_osc0_crystal
                0xd0006aa4       0x3c ../libs\libh2core.a(pm.o)
                0xd0006aa4                pm_enable_osc0_crystal
 .text.pm_enable_clk0_no_wait
                0xd0006ae0       0x10 ../libs\libh2core.a(pm.o)
                0xd0006ae0                pm_enable_clk0_no_wait
 .text.pm_wait_for_clk0_ready
                0xd0006af0        0xa ../libs\libh2core.a(pm.o)
                0xd0006af0                pm_wait_for_clk0_ready
 *fill*         0xd0006afa        0x2 d703d703
 .text.pm_enable_clk0
                0xd0006afc       0x1c ../libs\libh2core.a(pm.o)
                0xd0006afc                pm_enable_clk0
 .text.pm_set_osc1_mode
                0xd0006b18        0xa ../libs\libh2core.a(pm.o)
 *fill*         0xd0006b22        0x2 d703d703
 .text.pm_enable_osc1_crystal
                0xd0006b24       0x3c ../libs\libh2core.a(pm.o)
                0xd0006b24                pm_enable_osc1_crystal
 .text.pm_enable_clk1_no_wait
                0xd0006b60       0x10 ../libs\libh2core.a(pm.o)
                0xd0006b60                pm_enable_clk1_no_wait
 .text.pm_wait_for_clk1_ready
                0xd0006b70        0xa ../libs\libh2core.a(pm.o)
                0xd0006b70                pm_wait_for_clk1_ready
 *fill*         0xd0006b7a        0x2 d703d703
 .text.pm_enable_clk1
                0xd0006b7c       0x1c ../libs\libh2core.a(pm.o)
                0xd0006b7c                pm_enable_clk1
 .text.pm_set_osc32_mode
                0xd0006b98        0xa ../libs\libh2core.a(pm.o)
 *fill*         0xd0006ba2        0x2 d703d703
 .text.pm_enable_osc32_crystal
                0xd0006ba4       0x10 ../libs\libh2core.a(pm.o)
                0xd0006ba4                pm_enable_osc32_crystal
 .text.pm_enable_clk32_no_wait
                0xd0006bb4       0x10 ../libs\libh2core.a(pm.o)
                0xd0006bb4                pm_enable_clk32_no_wait
 .text.pm_wait_for_clk32_ready
                0xd0006bc4       0x1a ../libs\libh2core.a(pm.o)
                0xd0006bc4                pm_wait_for_clk32_ready
 *fill*         0xd0006bde        0x2 d703d703
 .text.pm_enable_clk32
                0xd0006be0       0x1c ../libs\libh2core.a(pm.o)
                0xd0006be0                pm_enable_clk32
 .text.pm_cksel
                0xd0006bfc       0x46 ../libs\libh2core.a(pm.o)
                0xd0006bfc                pm_cksel
 .text.pm_gc_setup
                0xd0006c42       0x22 ../libs\libh2core.a(pm.o)
                0xd0006c42                pm_gc_setup
 .text.pm_gc_enable
                0xd0006c64        0xe ../libs\libh2core.a(pm.o)
                0xd0006c64                pm_gc_enable
 .text.pm_pll_setup
                0xd0006c72       0x22 ../libs\libh2core.a(pm.o)
                0xd0006c72                pm_pll_setup
 .text.pm_pll_set_option
                0xd0006c94       0x1a ../libs\libh2core.a(pm.o)
                0xd0006c94                pm_pll_set_option
 .text.pm_pll_enable
                0xd0006cae        0xe ../libs\libh2core.a(pm.o)
                0xd0006cae                pm_pll_enable
 .text.pm_wait_for_pll0_locked
                0xd0006cbc        0xa ../libs\libh2core.a(pm.o)
                0xd0006cbc                pm_wait_for_pll0_locked
 .text.pm_switch_to_clock
                0xd0006cc6        0xa ../libs\libh2core.a(pm.o)
                0xd0006cc6                pm_switch_to_clock
 .text.pm_switch_to_osc0
                0xd0006cd0       0x2c ../libs\libh2core.a(pm.o)
                0xd0006cd0                pm_switch_to_osc0
 .text.pm_read_gplp
                0xd0006cfc        0x8 ../libs\libh2core.a(pm.o)
                0xd0006cfc                pm_read_gplp
 .text.pm_write_gplp
                0xd0006d04        0x8 ../libs\libh2core.a(pm.o)
                0xd0006d04                pm_write_gplp
 .text.phbalReg_Stub_Exchange
                0xd0006d0c       0x78 ../libs\libh2core.a(phbalReg_Stub.o)
                0xd0006d0c                phbalReg_Stub_Exchange
 .text.rc663_reset
                0xd0006d84        0xc ../libs\libh2core.a(phbalReg_Stub.o)
                0xd0006d84                rc663_reset
 .text.phbalReg_Stub_Init
                0xd0006d90       0x34 ../libs\libh2core.a(phbalReg_Stub.o)
                0xd0006d90                phbalReg_Stub_Init
 .text.phhalHw_GetConfig
                0xd0006dc4       0x34 ../libs\libh2core.a(phhalHw.o)
                0xd0006dc4                phhalHw_GetConfig
 .text.phhalHw_SetConfig
                0xd0006df8       0x34 ../libs\libh2core.a(phhalHw.o)
                0xd0006df8                phhalHw_SetConfig
 .text.phhalHw_ReadRegister
                0xd0006e2c       0x30 ../libs\libh2core.a(phhalHw.o)
                0xd0006e2c                phhalHw_ReadRegister
 .text.phhalHw_WriteRegister
                0xd0006e5c       0x30 ../libs\libh2core.a(phhalHw.o)
                0xd0006e5c                phhalHw_WriteRegister
 .text.phhalHw_ReadProductInfo
                0xd0006e8c       0x14 ../libs\libh2core.a(phhalHw.o)
                0xd0006e8c                phhalHw_ReadProductInfo
 .text.phhalHw_Exchange
                0xd0006ea0      0x134 ../libs\libh2core.a(phhalHw.o)
                0xd0006ea0                phhalHw_Exchange
 .text.phhalHw_Rc663_Init
                0xd0006fd4       0xb0 ../libs\libh2core.a(phhalHw_Rc663.o)
                0xd0006fd4                phhalHw_Rc663_Init
 .text.phhalHw_Rc663_Wait
                0xd0007084       0xc8 ../libs\libh2core.a(phhalHw_Rc663.o)
                0xd0007084                phhalHw_Rc663_Wait
 .text.phhalHw_Rc663_FieldOff
                0xd000714c       0x5c ../libs\libh2core.a(phhalHw_Rc663.o)
                0xd000714c                phhalHw_Rc663_FieldOff
 .text.phhalHw_Rc663_FieldOn
                0xd00071a8       0x5c ../libs\libh2core.a(phhalHw_Rc663.o)
                0xd00071a8                phhalHw_Rc663_FieldOn
 .text.phhalHw_Rc663_FieldReset
                0xd0007204       0x48 ../libs\libh2core.a(phhalHw_Rc663.o)
                0xd0007204                phhalHw_Rc663_FieldReset
 .text.phhalHw_Rc663_GetConfig
                0xd000724c      0x3ec ../libs\libh2core.a(phhalHw_Rc663.o)
                0xd000724c                phhalHw_Rc663_GetConfig
 .text.phhalHw_Rc663_SetConfig
                0xd0007638      0x864 ../libs\libh2core.a(phhalHw_Rc663.o)
                0xd0007638                phhalHw_Rc663_SetConfig
 .text.phhalHw_Rc663_ApplyProtocolSettings
                0xd0007e9c      0x28c ../libs\libh2core.a(phhalHw_Rc663.o)
                0xd0007e9c                phhalHw_Rc663_ApplyProtocolSettings
 .text.phhalHw_Rc663_ReadRegister
                0xd0008128       0xa4 ../libs\libh2core.a(phhalHw_Rc663.o)
                0xd0008128                phhalHw_Rc663_ReadRegister
 .text.phhalHw_Rc663_WriteRegister
                0xd00081cc       0x9c ../libs\libh2core.a(phhalHw_Rc663.o)
                0xd00081cc                phhalHw_Rc663_WriteRegister
 .text.phhalHw_Rc663_Exchange
                0xd0008268      0x794 ../libs\libh2core.a(phhalHw_Rc663.o)
                0xd0008268                phhalHw_Rc663_Exchange
 .text.phhalHw_Rc663_Cmd_LoadProtocol
                0xd00089fc       0x4c ../libs\libh2core.a(phhalHw_Rc663_Cmd.o)
                0xd00089fc                phhalHw_Rc663_Cmd_LoadProtocol
 .text.phhalHw_Rc663_Cmd_LoadReg
                0xd0008a48       0x6c ../libs\libh2core.a(phhalHw_Rc663_Cmd.o)
                0xd0008a48                phhalHw_Rc663_Cmd_LoadReg
 .text.phhalHw_Rc663_Cmd_ReadE2
                0xd0008ab4       0x9c ../libs\libh2core.a(phhalHw_Rc663_Cmd.o)
                0xd0008ab4                phhalHw_Rc663_Cmd_ReadE2
 .text.phhalHw_Rc663_GetRxBuffer
                0xd0008b50       0xdc ../libs\libh2core.a(phhalHw_Rc663_Int.o)
                0xd0008b50                phhalHw_Rc663_GetRxBuffer
 .text.phhalHw_Rc663_GetTxBuffer
                0xd0008c2c       0x44 ../libs\libh2core.a(phhalHw_Rc663_Int.o)
                0xd0008c2c                phhalHw_Rc663_GetTxBuffer
 .text.phhalHw_Rc663_GetDigiDelay
                0xd0008c70      0x130 ../libs\libh2core.a(phhalHw_Rc663_Int.o)
                0xd0008c70                phhalHw_Rc663_GetDigiDelay
 .text.phhalHw_Rc663_SetFdt
                0xd0008da0      0x12c ../libs\libh2core.a(phhalHw_Rc663_Int.o)
                0xd0008da0                phhalHw_Rc663_SetFdt
 .text.phhalHw_Rc663_SetRxWait
                0xd0008ecc       0x8c ../libs\libh2core.a(phhalHw_Rc663_Int.o)
                0xd0008ecc                phhalHw_Rc663_SetRxWait
 .text.phhalHw_Rc663_GetFdt
                0xd0008f58      0x184 ../libs\libh2core.a(phhalHw_Rc663_Int.o)
                0xd0008f58                phhalHw_Rc663_GetFdt
 .text.phhalHw_Rc663_SetTxWait
                0xd00090dc       0x70 ../libs\libh2core.a(phhalHw_Rc663_Int.o)
                0xd00090dc                phhalHw_Rc663_SetTxWait
 .text.phhalHw_Rc663_SetConfig_Int
                0xd000914c      0x244 ../libs\libh2core.a(phhalHw_Rc663_Int.o)
                0xd000914c                phhalHw_Rc663_SetConfig_Int
 .text.phhalHw_Rc663_FlushFifo
                0xd0009390       0x38 ../libs\libh2core.a(phhalHw_Rc663_Int.o)
                0xd0009390                phhalHw_Rc663_FlushFifo
 .text.phhalHw_Rc663_SetRegisterSetting
                0xd00093c8      0x10c ../libs\libh2core.a(phhalHw_Rc663_Int.o)
                0xd00093c8                phhalHw_Rc663_SetRegisterSetting
 .text.phhalHw_Rc663_SetCardMode
                0xd00094d4      0x484 ../libs\libh2core.a(phhalHw_Rc663_Int.o)
                0xd00094d4                phhalHw_Rc663_SetCardMode
 .text.phhalHw_Rc663_ReadData
                0xd0009958       0xd8 ../libs\libh2core.a(phhalHw_Rc663_Int.o)
                0xd0009958                phhalHw_Rc663_ReadData
 .text.phhalHw_Rc663_ReadFifo
                0xd0009a30       0xdc ../libs\libh2core.a(phhalHw_Rc663_Int.o)
                0xd0009a30                phhalHw_Rc663_ReadFifo
 .text.phhalHw_Rc663_WriteData
                0xd0009b0c       0xbc ../libs\libh2core.a(phhalHw_Rc663_Int.o)
                0xd0009b0c                phhalHw_Rc663_WriteData
 .text.phhalHw_Rc663_WriteFifo
                0xd0009bc8       0xbc ../libs\libh2core.a(phhalHw_Rc663_Int.o)
                0xd0009bc8                phhalHw_Rc663_WriteFifo
 .text.phhalHw_Rc663_Command_Int
                0xd0009c84      0x3b8 ../libs\libh2core.a(phhalHw_Rc663_Int.o)
                0xd0009c84                phhalHw_Rc663_Command_Int
 .text.phhalHw_Rc663_WaitIrq
                0xd000a03c      0x190 ../libs\libh2core.a(phhalHw_Rc663_Wait.o)
                0xd000a03c                phhalHw_Rc663_WaitIrq
 .text.phpalFelica_Sw_Init
                0xd000a1cc       0x22 ../libs\libh2core.a(phpalFelica_Sw.o)
                0xd000a1cc                phpalFelica_Sw_Init
 *fill*         0xd000a1ee        0x2 d703d703
 .text.phpalI14443p3a_Select
                0xd000a1f0       0x30 ../libs\libh2core.a(phpalI14443p3a.o)
                0xd000a1f0                phpalI14443p3a_Select
 .text.phpalI14443p3a_Anticollision
                0xd000a220       0x40 ../libs\libh2core.a(phpalI14443p3a.o)
                0xd000a220                phpalI14443p3a_Anticollision
 .text.phpalI14443p3a_RequestA
                0xd000a260       0x30 ../libs\libh2core.a(phpalI14443p3a.o)
                0xd000a260                phpalI14443p3a_RequestA
 .text.phpalI14443p3a_Sw_Init
                0xd000a290       0x22 ../libs\libh2core.a(phpalI14443p3a_Sw.o)
                0xd000a290                phpalI14443p3a_Sw_Init
 *fill*         0xd000a2b2        0x2 d703d703
 .text.phpalI14443p3a_Sw_RequestAEx
                0xd000a2b4       0xe0 ../libs\libh2core.a(phpalI14443p3a_Sw.o)
                0xd000a2b4                phpalI14443p3a_Sw_RequestAEx
 .text.phpalI14443p3a_Sw_RequestA
                0xd000a394       0x14 ../libs\libh2core.a(phpalI14443p3a_Sw.o)
                0xd000a394                phpalI14443p3a_Sw_RequestA
 .text.phpalI14443p3a_Sw_Anticollision
                0xd000a3a8      0x394 ../libs\libh2core.a(phpalI14443p3a_Sw.o)
                0xd000a3a8                phpalI14443p3a_Sw_Anticollision
 .text.phpalI14443p3a_Sw_Select
                0xd000a73c       0xb0 ../libs\libh2core.a(phpalI14443p3a_Sw.o)
                0xd000a73c                phpalI14443p3a_Sw_Select
 .text.phpalI14443p3b_RequestB
                0xd000a7ec       0x40 ../libs\libh2core.a(phpalI14443p3b.o)
                0xd000a7ec                phpalI14443p3b_RequestB
 .text.phpalI14443p3b_Sw_Init
                0xd000a82c       0x5c ../libs\libh2core.a(phpalI14443p3b_Sw.o)
                0xd000a82c                phpalI14443p3b_Sw_Init
 .text.phpalI14443p3b_Sw_CheckATQBEx
                0xd000a888       0x90 ../libs\libh2core.a(phpalI14443p3b_Sw.o)
                0xd000a888                phpalI14443p3b_Sw_CheckATQBEx
 .text.phpalI14443p3b_Sw_RequestBEx
                0xd000a918       0xc8 ../libs\libh2core.a(phpalI14443p3b_Sw.o)
                0xd000a918                phpalI14443p3b_Sw_RequestBEx
 .text.phpalI14443p3b_Sw_RequestB
                0xd000a9e0       0x20 ../libs\libh2core.a(phpalI14443p3b_Sw.o)
                0xd000a9e0                phpalI14443p3b_Sw_RequestB
 .text.phpalI14443p4a_Sw_Init
                0xd000aa00       0x42 ../libs\libh2core.a(phpalI14443p4a_Sw.o)
                0xd000aa00                phpalI14443p4a_Sw_Init
 .text.phpalI14443p4_Sw_ResetProtocol
                0xd000aa42       0x32 ../libs\libh2core.a(phpalI14443p4_Sw.o)
                0xd000aa42                phpalI14443p4_Sw_ResetProtocol
 .text.phpalI14443p4_Sw_Init
                0xd000aa74       0x24 ../libs\libh2core.a(phpalI14443p4_Sw.o)
                0xd000aa74                phpalI14443p4_Sw_Init
 .text.phpalMifare_Sw_Init
                0xd000aa98       0x1a ../libs\libh2core.a(phpalMifare_Sw.o)
                0xd000aa98                phpalMifare_Sw_Init
 .text.getBaudDiv
                0xd000aab2       0x18 ../libs\libh2core.a(spi.o)
                0xd000aab2                getBaudDiv
 .text.spi_selectChip
                0xd000aaca       0x4c ../libs\libh2core.a(spi.o)
                0xd000aaca                spi_selectChip
 .text.spi_unselectChip
                0xd000ab16       0x26 ../libs\libh2core.a(spi.o)
                0xd000ab16                spi_unselectChip
 .text.spi_enable
                0xd000ab3c        0x6 ../libs\libh2core.a(spi.o)
                0xd000ab3c                spi_enable
 .text.tc_init_waveform
                0xd000ab42       0x9c ../libs\libh2core.a(tc.o)
                0xd000ab42                tc_init_waveform
 .text.tc_start
                0xd000abde       0x12 ../libs\libh2core.a(tc.o)
                0xd000abde                tc_start
 .text.tc_read_sr
                0xd000abf0       0x12 ../libs\libh2core.a(tc.o)
                0xd000abf0                tc_read_sr
 .text.tc_write_rc
                0xd000ac02       0x34 ../libs\libh2core.a(tc.o)
                0xd000ac02                tc_write_rc
 .text.tc_configure_interrupts
                0xd000ac36      0x108 ../libs\libh2core.a(tc.o)
                0xd000ac36                tc_configure_interrupts
 *fill*         0xd000ad3e        0x2 d703d703
 .text.twim_master_interrupt_handler
                0xd000ad40       0xdc ../libs\libh2core.a(twim.o)
 .text.twim_set_speed
                0xd000ae1c       0x62 ../libs\libh2core.a(twim.o)
                0xd000ae1c                twim_set_speed
 *fill*         0xd000ae7e        0x2 d703d703
 .text.twim_status
                0xd000ae80       0x10 ../libs\libh2core.a(twim.o)
                0xd000ae80                twim_status
 .text.twim_disable_interrupt
                0xd000ae90       0x14 ../libs\libh2core.a(twim.o)
                0xd000ae90                twim_disable_interrupt
 .text.twim_write
                0xd000aea4       0xac ../libs\libh2core.a(twim.o)
                0xd000aea4                twim_write
 .text.twim_probe
                0xd000af50       0x1c ../libs\libh2core.a(twim.o)
                0xd000af50                twim_probe
 .text.twim_write_packet
                0xd000af6c       0xdc ../libs\libh2core.a(twim.o)
                0xd000af6c                twim_write_packet
 .text.twim_read_packet
                0xd000b048      0x114 ../libs\libh2core.a(twim.o)
                0xd000b048                twim_read_packet
 .text.twim_master_init
                0xd000b15c       0x84 ../libs\libh2core.a(twim.o)
                0xd000b15c                twim_master_init
 .text.scom_get_signal_strength
                0xd000b1e0       0xa0 ../libs\libh2core.a(scom.o)
                0xd000b1e0                scom_get_signal_strength
 .text.scom_get_status_flags
                0xd000b280      0x1e0 ../libs\libh2core.a(scom.o)
                0xd000b280                scom_get_status_flags
 .text.scom_set_ppp
                0xd000b460      0x13c ../libs\libh2core.a(scom.o)
                0xd000b460                scom_set_ppp
 .text.tcp_flush
                0xd000b59c       0x70 ../libs\libh2core.a(tcp.o)
                0xd000b59c                tcp_flush
 .text.tcp_read
                0xd000b60c      0x360 ../libs\libh2core.a(tcp.o)
                0xd000b60c                tcp_read
 .text.tcp_write
                0xd000b96c      0x124 ../libs\libh2core.a(tcp.o)
                0xd000b96c                tcp_write
 .text.tcp_disconnect
                0xd000ba90       0xd4 ../libs\libh2core.a(tcp.o)
                0xd000ba90                tcp_disconnect
 .text.tcp_query_ppp
                0xd000bb64       0x5c ../libs\libh2core.a(tcp.o)
                0xd000bb64                tcp_query_ppp
 .text.tcp_connect
                0xd000bbc0      0x148 ../libs\libh2core.a(tcp.o)
                0xd000bbc0                tcp_connect
 .text.ttl_int_handler
                0xd000bd08       0x54 ../libs\libh2core.a(ttl_serial.o)
 .text.ttl_serial_task
                0xd000bd5c       0x74 ../libs\libh2core.a(ttl_serial.o)
                0xd000bd5c                ttl_serial_task
 .text.ttl_serial_write_string
                0xd000bdd0       0x94 ../libs\libh2core.a(ttl_serial.o)
                0xd000bdd0                ttl_serial_write_string
 .text.ttl_serial_flush
                0xd000be64       0xac ../libs\libh2core.a(ttl_serial.o)
                0xd000be64                ttl_serial_flush
 .text.ttl_serial_read
                0xd000bf10      0x14c ../libs\libh2core.a(ttl_serial.o)
                0xd000bf10                ttl_serial_read
 .text.ttl_serial_read_to
                0xd000c05c       0x34 ../libs\libh2core.a(ttl_serial.o)
                0xd000c05c                ttl_serial_read_to
 .text.sysclk_enable_pba_module
                0xd000c090       0x10 ../libs\libh2core.a(ttl_serial.o)
 .text.ttl_serial_init
                0xd000c0a0       0xd8 ../libs\libh2core.a(ttl_serial.o)
                0xd000c0a0                ttl_serial_init
 .text.sleep_us
                0xd000c178       0x58 ../libs\libh2core.a(delay.o)
                0xd000c178                sleep_us
 .text.sleep    0xd000c1d0       0x58 ../libs\libh2core.a(delay.o)
                0xd000c1d0                sleep
 .text.sysclk_priv_enable_module
                0xd000c228       0x2a ../libs\libh2core.a(sysclk.o)
                0xd000c228                sysclk_priv_enable_module
 .text.spi_write_packet
                0xd000c252       0x2c ../libs\libh2core.a(spi_master.o)
                0xd000c252                spi_write_packet
 .text.spi_exchange
                0xd000c27e       0x3a ../libs\libh2core.a(spi_master.o)
                0xd000c27e                spi_exchange
 .text.spi_master_setup_device
                0xd000c2b8      0x304 ../libs\libh2core.a(spi_master.o)
                0xd000c2b8                spi_master_setup_device
 .text.spi1_master_init
                0xd000c5bc       0xa0 ../libs\libh2core.a(spi_master.o)
                0xd000c5bc                spi1_master_init
 .text.spi0_master_init
                0xd000c65c       0xa8 ../libs\libh2core.a(spi_master.o)
                0xd000c65c                spi0_master_init
 .text.nand_drv_erase_block
                0xd000c704       0x18 ../libs\libh2core.a(nanddrv.o)
                0xd000c704                nand_drv_erase_block
 .text.nand_drv_check_block_bad
                0xd000c71c       0x48 ../libs\libh2core.a(nanddrv.o)
                0xd000c71c                nand_drv_check_block_bad
 .text.nand_drv_mark_block_bad
                0xd000c764       0x70 ../libs\libh2core.a(nanddrv.o)
                0xd000c764                nand_drv_mark_block_bad
 .text.nand_drv_read_page_tags
                0xd000c7d4       0xa8 ../libs\libh2core.a(nanddrv.o)
                0xd000c7d4                nand_drv_read_page_tags
 .text.nand_get_format_flag
                0xd000c87c       0x40 ../libs\libh2core.a(nanddrv.o)
                0xd000c87c                nand_get_format_flag
 .text.nand_drv_write_page_tags
                0xd000c8bc       0x88 ../libs\libh2core.a(nanddrv.o)
                0xd000c8bc                nand_drv_write_page_tags
 .text.nand_set_format_flag
                0xd000c944       0x74 ../libs\libh2core.a(nanddrv.o)
                0xd000c944                nand_set_format_flag
 .text.nandflash_init
                0xd000c9b8      0x114 ../libs\libh2core.a(nanddrv.o)
                0xd000c9b8                nandflash_init
 .text.yaffs_set_debug
                0xd000cacc       0x1c ../libs\libh2core.a(yaffscfg2k.o)
                0xd000cacc                yaffs_set_debug
 .text.yaffs_devconfig
                0xd000cae8      0x134 ../libs\libh2core.a(yaffscfg2k.o)
                0xd000cae8                yaffs_devconfig
 .text.yaffs_start_up
                0xd000cc1c       0x68 ../libs\libh2core.a(yaffscfg2k.o)
                0xd000cc1c                yaffs_start_up
 .text.yaffs_init
                0xd000cc84      0x1cc ../libs\libh2core.a(yaffscfg2k.o)
                0xd000cc84                yaffs_init
 .text.yaffsfs_HandleToPointer
                0xd000ce50       0x18 ../libs\libh2core.a(yaffsfs.o)
 .text.yaffsfs_HandleToFileDes
                0xd000ce68       0x3c ../libs\libh2core.a(yaffsfs.o)
 .text.yaffsfs_HandleToObject
                0xd000cea4       0x48 ../libs\libh2core.a(yaffsfs.o)
 .text.yaffsfs_GetHandle
                0xd000ceec       0x20 ../libs\libh2core.a(yaffsfs.o)
 .text.yaffsfs_IsPathDivider
                0xd000cf0c       0x24 ../libs\libh2core.a(yaffsfs.o)
 .text.yaffsfs_FindDevice
                0xd000cf30      0x10c ../libs\libh2core.a(yaffsfs.o)
 .text.yaffsfs_CheckPath
                0xd000d03c       0x58 ../libs\libh2core.a(yaffsfs.o)
 .text.yaffsfs_FindMountPoint
                0xd000d094       0x30 ../libs\libh2core.a(yaffsfs.o)
 .text.yaffsfs_TooManyObjects
                0xd000d0c4       0x1a ../libs\libh2core.a(yaffsfs.o)
 *fill*         0xd000d0de        0x2 d703d703
 .text.yaffsfs_IsDevBusy
                0xd000d0e0       0x2c ../libs\libh2core.a(yaffsfs.o)
 .text.yaffs_add_device
                0xd000d10c       0x64 ../libs\libh2core.a(yaffsfs.o)
                0xd000d10c                yaffs_add_device
 .text.yaffsfs_SetDirRewound
                0xd000d170       0x3c ../libs\libh2core.a(yaffsfs.o)
 .text.yaffsfs_DirAdvance
                0xd000d1ac       0x42 ../libs\libh2core.a(yaffsfs.o)
 *fill*         0xd000d1ee        0x2 d703d703
 .text.yaffsfs_RemoveObjectCallback
                0xd000d1f0       0x3c ../libs\libh2core.a(yaffsfs.o)
 .text.yaffsfs_NewHandle
                0xd000d22c       0x50 ../libs\libh2core.a(yaffsfs.o)
 .text.yaffs_get_error
                0xd000d27c        0xc ../libs\libh2core.a(yaffsfs.o)
                0xd000d27c                yaffs_get_error
 .text.yaffsfs_closedir_no_lock
                0xd000d288       0x44 ../libs\libh2core.a(yaffsfs.o)
 .text.yaffsfs_FindInodeIdForObject
                0xd000d2cc       0x3c ../libs\libh2core.a(yaffsfs.o)
 .text.yaffsfs_DoFindDirectory
                0xd000d308      0x128 ../libs\libh2core.a(yaffsfs.o)
 .text.yaffsfs_FindDirectory
                0xd000d430       0x14 ../libs\libh2core.a(yaffsfs.o)
 .text.yaffsfs_FindObject
                0xd000d444       0x54 ../libs\libh2core.a(yaffsfs.o)
 .text.yaffsfs_FollowLink
                0xd000d498       0x7c ../libs\libh2core.a(yaffsfs.o)
 .text.yaffs_closedir
                0xd000d514       0x28 ../libs\libh2core.a(yaffsfs.o)
                0xd000d514                yaffs_closedir
 .text.yaffsfs_opendir_reldir_no_lock
                0xd000d53c      0x15c ../libs\libh2core.a(yaffsfs.o)
 .text.yaffs_opendir_reldir
                0xd000d698       0x2c ../libs\libh2core.a(yaffsfs.o)
                0xd000d698                yaffs_opendir_reldir
 .text.yaffs_opendir
                0xd000d6c4       0x10 ../libs\libh2core.a(yaffsfs.o)
                0xd000d6c4                yaffs_opendir
 .text.yaffsfs_readdir_no_lock
                0xd000d6d4       0xbc ../libs\libh2core.a(yaffsfs.o)
                0xd000d6d4                yaffsfs_readdir_no_lock
 .text.yaffs_readdir
                0xd000d790       0x28 ../libs\libh2core.a(yaffsfs.o)
                0xd000d790                yaffs_readdir
 .text.yaffsfs_PutInode
                0xd000d7b8       0x44 ../libs\libh2core.a(yaffsfs.o)
 .text.yaffsfs_BreakDeviceHandles
                0xd000d7fc       0x8c ../libs\libh2core.a(yaffsfs.o)
 .text.yaffs_format_common
                0xd000d888      0x100 ../libs\libh2core.a(yaffsfs.o)
                0xd000d888                yaffs_format_common
 .text.yaffs_format
                0xd000d988       0x18 ../libs\libh2core.a(yaffsfs.o)
                0xd000d988                yaffs_format
 .text.yaffsfs_PutHandle
                0xd000d9a0       0x94 ../libs\libh2core.a(yaffsfs.o)
 .text.yaffs_mount_common
                0xd000da34      0x1e4 ../libs\libh2core.a(yaffsfs.o)
                0xd000da34                yaffs_mount_common
 .text.yaffs_mount
                0xd000dc18       0x14 ../libs\libh2core.a(yaffsfs.o)
                0xd000dc18                yaffs_mount
 .text.yaffs_close
                0xd000dc2c       0xa0 ../libs\libh2core.a(yaffsfs.o)
                0xd000dc2c                yaffs_close
 .text.yaffs_Dofsync
                0xd000dccc       0x5c ../libs\libh2core.a(yaffsfs.o)
 .text.yaffs_fsync
                0xd000dd28       0x38 ../libs\libh2core.a(yaffsfs.o)
                0xd000dd28                yaffs_fsync
 .text.yaffsfs_DoStat
                0xd000dd60       0xb4 ../libs\libh2core.a(yaffsfs.o)
 .text.yaffs_fstat
                0xd000de14       0x60 ../libs\libh2core.a(yaffsfs.o)
                0xd000de14                yaffs_fstat
 .text.yaffs_lseek
                0xd000de74       0xfc ../libs\libh2core.a(yaffsfs.o)
                0xd000de74                yaffs_lseek
 .text.yaffsfs_do_write
                0xd000df70      0x1e0 ../libs\libh2core.a(yaffsfs.o)
 .text.yaffs_write
                0xd000e150       0x48 ../libs\libh2core.a(yaffsfs.o)
                0xd000e150                yaffs_write
 .text.yaffsfs_do_read
                0xd000e198      0x1b0 ../libs\libh2core.a(yaffsfs.o)
 .text.yaffs_read
                0xd000e348       0x48 ../libs\libh2core.a(yaffsfs.o)
                0xd000e348                yaffs_read
 .text.yaffs_open_sharing_reldir
                0xd000e390      0x538 ../libs\libh2core.a(yaffsfs.o)
                0xd000e390                yaffs_open_sharing_reldir
 .text.yaffs_open_reldir
                0xd000e8c8       0x10 ../libs\libh2core.a(yaffsfs.o)
                0xd000e8c8                yaffs_open_reldir
 .text.yaffs_open
                0xd000e8d8       0x60 ../libs\libh2core.a(yaffsfs.o)
                0xd000e8d8                yaffs_open
 .text.yaffs_error_to_str
                0xd000e938       0x3c ../libs\libh2core.a(yaffs_error.o)
                0xd000e938                yaffs_error_to_str
 .text.yaffs_addr_to_chunk
                0xd000e974       0x56 ../libs\libh2core.a(yaffs_guts.o)
                0xd000e974                yaffs_addr_to_chunk
 .text.yaffs_check_ff
                0xd000e9ca       0x2a ../libs\libh2core.a(yaffs_guts.o)
                0xd000e9ca                yaffs_check_ff
 .text.yaffs_get_erased_chunks
                0xd000e9f4       0x20 ../libs\libh2core.a(yaffs_guts.o)
 .text.yaffs_calc_name_sum
                0xd000ea14       0x4c ../libs\libh2core.a(yaffs_guts.o)
 .text.yaffs_max_file_size
                0xd000ea60       0x16 ../libs\libh2core.a(yaffs_guts.o)
                0xd000ea60                yaffs_max_file_size
 .text.yaffs_load_tnode_0
                0xd000ea76       0x7c ../libs\libh2core.a(yaffs_guts.o)
 .text.yaffs_get_group_base
                0xd000eaf2       0x42 ../libs\libh2core.a(yaffs_guts.o)
                0xd000eaf2                yaffs_get_group_base
 .text.yaffs_find_tnode_0
                0xd000eb34       0x7a ../libs\libh2core.a(yaffs_guts.o)
                0xd000eb34                yaffs_find_tnode_0
 .text.yaffs_find_chunk_cache
                0xd000ebae       0x46 ../libs\libh2core.a(yaffs_guts.o)
 .text.yaffs_use_cache
                0xd000ebf4       0x5e ../libs\libh2core.a(yaffs_guts.o)
 .text.yaffs_invalidate_whole_cache
                0xd000ec52       0x32 ../libs\libh2core.a(yaffs_guts.o)
 .text.yaffs_find_by_number
                0xd000ec84       0x56 ../libs\libh2core.a(yaffs_guts.o)
                0xd000ec84                yaffs_find_by_number
 .text.yaffs_is_non_empty_dir
                0xd000ecda       0x18 ../libs\libh2core.a(yaffs_guts.o)
                0xd000ecda                yaffs_is_non_empty_dir
 *fill*         0xd000ecf2        0x2 d703d703
 .text.yaffs_link_fixup
                0xd000ecf4       0x54 ../libs\libh2core.a(yaffs_guts.o)
                0xd000ecf4                yaffs_link_fixup
 .text.yaffs_has_null_parent
                0xd000ed48       0x1c ../libs\libh2core.a(yaffs_guts.o)
 .text.yaffs_get_obj_link_count
                0xd000ed64       0x1c ../libs\libh2core.a(yaffs_guts.o)
                0xd000ed64                yaffs_get_obj_link_count
 .text.yaffs_count_free_chunks
                0xd000ed80       0x5a ../libs\libh2core.a(yaffs_guts.o)
                0xd000ed80                yaffs_count_free_chunks
 .text.yaffs_oh_size_load
                0xd000edda        0xa ../libs\libh2core.a(yaffs_guts.o)
                0xd000edda                yaffs_oh_size_load
 .text.yaffs_oh_to_size
                0xd000ede4       0x32 ../libs\libh2core.a(yaffs_guts.o)
                0xd000ede4                yaffs_oh_to_size
 *fill*         0xd000ee16        0x2 d703d703
 .text.yaffs_check_alloc_available
                0xd000ee18       0x2c ../libs\libh2core.a(yaffs_guts.o)
                0xd000ee18                yaffs_check_alloc_available
 .text.yaffs_deinit_blocks
                0xd000ee44       0x6c ../libs\libh2core.a(yaffs_guts.o)
 .text.yaffs_deinit_tnodes_and_objs
                0xd000eeb0       0x1c ../libs\libh2core.a(yaffs_guts.o)
 .text.yaffs_deinitialise
                0xd000eecc       0xa0 ../libs\libh2core.a(yaffs_guts.o)
                0xd000eecc                yaffs_deinitialise
 .text.yaffs_handle_chunk_error
                0xd000ef6c       0x58 ../libs\libh2core.a(yaffs_guts.o)
                0xd000ef6c                yaffs_handle_chunk_error
 .text.yaffs_release_temp_buffer
                0xd000efc4       0x78 ../libs\libh2core.a(yaffs_guts.o)
                0xd000efc4                yaffs_release_temp_buffer
 .text.yaffs_get_temp_buffer
                0xd000f03c       0x88 ../libs\libh2core.a(yaffs_guts.o)
                0xd000f03c                yaffs_get_temp_buffer
 .text.yaffs_init_blocks
                0xd000f0c4       0xf0 ../libs\libh2core.a(yaffs_guts.o)
 .text.yaffs_check_chunk_erased
                0xd000f1b4       0x78 ../libs\libh2core.a(yaffs_guts.o)
 .text.yaffs_init_tnodes_and_objs
                0xd000f22c       0x40 ../libs\libh2core.a(yaffs_guts.o)
 .text.yaffs_free_tnode
                0xd000f26c       0x24 ../libs\libh2core.a(yaffs_guts.o)
 .text.yaffs_prune_worker
                0xd000f290       0x9c ../libs\libh2core.a(yaffs_guts.o)
 .text.yaffs_remove_obj_from_dir
                0xd000f32c       0x48 ../libs\libh2core.a(yaffs_guts.o)
 .text.yaffs_add_obj_to_dir
                0xd000f374       0xe4 ../libs\libh2core.a(yaffs_guts.o)
                0xd000f374                yaffs_add_obj_to_dir
 .text.yaffs_free_obj
                0xd000f458       0xdc ../libs\libh2core.a(yaffs_guts.o)
 .text.yaffs_guts_ll_init
                0xd000f534      0x1e0 ../libs\libh2core.a(yaffs_guts.o)
                0xd000f534                yaffs_guts_ll_init
 .text.yaffs_guts_format_dev
                0xd000f714       0x68 ../libs\libh2core.a(yaffs_guts.o)
                0xd000f714                yaffs_guts_format_dev
 .text.yaffs_clone_str
                0xd000f77c       0x48 ../libs\libh2core.a(yaffs_guts.o)
                0xd000f77c                yaffs_clone_str
 .text.yaffs_fix_null_name
                0xd000f7c4       0x84 ../libs\libh2core.a(yaffs_guts.o)
 .text.yaffs_set_obj_name
                0xd000f848       0x68 ../libs\libh2core.a(yaffs_guts.o)
                0xd000f848                yaffs_set_obj_name
 .text.yaffs_set_obj_name_from_oh
                0xd000f8b0       0x10 ../libs\libh2core.a(yaffs_guts.o)
                0xd000f8b0                yaffs_set_obj_name_from_oh
 .text.yaffs_check_obj_details_loaded
                0xd000f8c0       0x88 ../libs\libh2core.a(yaffs_guts.o)
 .text.yaffs_get_equivalent_obj
                0xd000f948       0x24 ../libs\libh2core.a(yaffs_guts.o)
                0xd000f948                yaffs_get_equivalent_obj
 .text.yaffs_get_obj_type
                0xd000f96c       0x54 ../libs\libh2core.a(yaffs_guts.o)
                0xd000f96c                yaffs_get_obj_type
 .text.yaffs_get_obj_length
                0xd000f9c0       0x48 ../libs\libh2core.a(yaffs_guts.o)
                0xd000f9c0                yaffs_get_obj_length
 .text.yaffs_get_obj_name
                0xd000fa08       0xc4 ../libs\libh2core.a(yaffs_guts.o)
                0xd000fa08                yaffs_get_obj_name
 .text.yaffs_find_by_name
                0xd000facc       0xfc ../libs\libh2core.a(yaffs_guts.o)
                0xd000facc                yaffs_find_by_name
 .text.yaffs_find_chunk_in_group
                0xd000fbc8       0x78 ../libs\libh2core.a(yaffs_guts.o)
 .text.yaffs_find_chunk_in_file
                0xd000fc40       0x54 ../libs\libh2core.a(yaffs_guts.o)
                0xd000fc40                yaffs_find_chunk_in_file
 .text.yaffs_rd_data_obj
                0xd000fc94       0x60 ../libs\libh2core.a(yaffs_guts.o)
 .text.yaffs_get_tnode
                0xd000fcf4       0x38 ../libs\libh2core.a(yaffs_guts.o)
                0xd000fcf4                yaffs_get_tnode
 .text.yaffs_new_obj
                0xd000fd2c      0x1f8 ../libs\libh2core.a(yaffs_guts.o)
 .text.yaffs_create_fake_dir
                0xd000ff24       0x30 ../libs\libh2core.a(yaffs_guts.o)
 .text.yaffs_create_initial_dir
                0xd000ff54       0x88 ../libs\libh2core.a(yaffs_guts.o)
 .text.yaffs_find_or_create_by_number
                0xd000ffdc       0x2c ../libs\libh2core.a(yaffs_guts.o)
                0xd000ffdc                yaffs_find_or_create_by_number
 .text.yaffs_handle_shadowed_obj
                0xd0010008       0x54 ../libs\libh2core.a(yaffs_guts.o)
                0xd0010008                yaffs_handle_shadowed_obj
 .text.yaffs_add_find_tnode_0
                0xd001005c      0x130 ../libs\libh2core.a(yaffs_guts.o)
                0xd001005c                yaffs_add_find_tnode_0
 .text.yaffs_soft_del_worker
                0xd001018c      0x12c ../libs\libh2core.a(yaffs_guts.o)
 .text.yaffs_block_became_dirty
                0xd00102b8      0x334 ../libs\libh2core.a(yaffs_guts.o)
                0xd00102b8                yaffs_block_became_dirty
 .text.yaffs_skip_rest_of_block
                0xd00105ec       0x80 ../libs\libh2core.a(yaffs_guts.o)
                0xd00105ec                yaffs_skip_rest_of_block
 .text.yaffs_chunk_del
                0xd001066c      0x1a8 ../libs\libh2core.a(yaffs_guts.o)
                0xd001066c                yaffs_chunk_del
 .text.yaffs_write_new_chunk
                0xd0010814      0x43c ../libs\libh2core.a(yaffs_guts.o)
 .text.yaffs_put_chunk_in_file
                0xd0010c50      0x138 ../libs\libh2core.a(yaffs_guts.o)
                0xd0010c50                yaffs_put_chunk_in_file
 .text.yaffs_update_oh
                0xd0010d88      0x3b4 ../libs\libh2core.a(yaffs_guts.o)
                0xd0010d88                yaffs_update_oh
 .text.yaffs_update_parent
                0xd001113c       0x88 ../libs\libh2core.a(yaffs_guts.o)
 .text.yaffs_change_obj_name
                0xd00111c4       0xd8 ../libs\libh2core.a(yaffs_guts.o)
 .text.yaffs_generic_obj_del
                0xd001129c       0x64 ../libs\libh2core.a(yaffs_guts.o)
 .text.yaffs_check_gc
                0xd0011300      0x9e8 ../libs\libh2core.a(yaffs_guts.o)
 .text.yaffs_wr_data_obj
                0xd0011ce8      0x138 ../libs\libh2core.a(yaffs_guts.o)
 .text.yaffs_flush_single_cache
                0xd0011e20       0x3c ../libs\libh2core.a(yaffs_guts.o)
 .text.yaffs_flush_file_cache
                0xd0011e5c       0x3c ../libs\libh2core.a(yaffs_guts.o)
 .text.yaffs_flush_whole_cache
                0xd0011e98       0x60 ../libs\libh2core.a(yaffs_guts.o)
                0xd0011e98                yaffs_flush_whole_cache
 .text.yaffs_grab_chunk_cache
                0xd0011ef8       0x88 ../libs\libh2core.a(yaffs_guts.o)
 .text.yaffs_file_rd
                0xd0011f80      0x130 ../libs\libh2core.a(yaffs_guts.o)
                0xd0011f80                yaffs_file_rd
 .text.yaffs_resize_file_down
                0xd00120b0      0x228 ../libs\libh2core.a(yaffs_guts.o)
                0xd00120b0                yaffs_resize_file_down
 .text.yaffs_do_file_wr
                0xd00122d8      0x2b4 ../libs\libh2core.a(yaffs_guts.o)
                0xd00122d8                yaffs_do_file_wr
 .text.yaffs_wr_file
                0xd001258c       0x38 ../libs\libh2core.a(yaffs_guts.o)
                0xd001258c                yaffs_wr_file
 .text.yaffs_del_link
                0xd00125c4       0x1c ../libs\libh2core.a(yaffs_guts.o)
 .text.yaffs_soft_del_file
                0xd00125e0       0x84 ../libs\libh2core.a(yaffs_guts.o)
 .text.yaffs_del_dir
                0xd0012664       0x24 ../libs\libh2core.a(yaffs_guts.o)
 .text.yaffs_del_symlink
                0xd0012688       0x24 ../libs\libh2core.a(yaffs_guts.o)
 .text.yaffs_flush_file
                0xd00126ac       0x54 ../libs\libh2core.a(yaffs_guts.o)
                0xd00126ac                yaffs_flush_file
 .text.yaffs_resize_file
                0xd0012700       0xa4 ../libs\libh2core.a(yaffs_guts.o)
                0xd0012700                yaffs_resize_file
 .text.yaffs_del_file
                0xd00127a4      0x12c ../libs\libh2core.a(yaffs_guts.o)
 .text.yaffs_unlink_obj
                0xd00128d0      0x120 ../libs\libh2core.a(yaffs_guts.o)
 .text.yaffs_del_dir_contents
                0xd00129f0       0x74 ../libs\libh2core.a(yaffs_guts.o)
 .text.yaffs_del_obj
                0xd0012a64       0xa8 ../libs\libh2core.a(yaffs_guts.o)
                0xd0012a64                yaffs_del_obj
 .text.yaffs_guts_initialise
                0xd0012b0c      0x5c8 ../libs\libh2core.a(yaffs_guts.o)
                0xd0012b0c                yaffs_guts_initialise
 .text.yaffs_retype_obj
                0xd00130d4       0xe4 ../libs\libh2core.a(yaffs_guts.o)
                0xd00130d4                yaffs_retype_obj
 .text.yaffs_create_obj
                0xd00131b8      0x118 ../libs\libh2core.a(yaffs_guts.o)
 .text.yaffs_create_file
                0xd00132d0       0x24 ../libs\libh2core.a(yaffs_guts.o)
                0xd00132d0                yaffs_create_file
 .text.nval_used
                0xd00132f4       0x58 ../libs\libh2core.a(yaffs_nameval.o)
 .text.nval_hasvalues
                0xd001334c       0x10 ../libs\libh2core.a(yaffs_nameval.o)
                0xd001334c                nval_hasvalues
 .text.nval_find
                0xd001335c       0x94 ../libs\libh2core.a(yaffs_nameval.o)
 .text.nval_del
                0xd00133f0       0x64 ../libs\libh2core.a(yaffs_nameval.o)
                0xd00133f0                nval_del
 .text.nval_set
                0xd0013454       0xd4 ../libs\libh2core.a(yaffs_nameval.o)
                0xd0013454                nval_set
 .text.apply_chunk_offset
                0xd0013528        0xa ../libs\libh2core.a(yaffs_nand.o)
 .text.yaffs_mark_bad
                0xd0013532       0x22 ../libs\libh2core.a(yaffs_nand.o)
                0xd0013532                yaffs_mark_bad
 .text.yaffs_query_init_block_state
                0xd0013554       0x10 ../libs\libh2core.a(yaffs_nand.o)
                0xd0013554                yaffs_query_init_block_state
 .text.yaffs_erase_block
                0xd0013564       0x1a ../libs\libh2core.a(yaffs_nand.o)
                0xd0013564                yaffs_erase_block
 .text.yaffs_init_nand
                0xd001357e       0x10 ../libs\libh2core.a(yaffs_nand.o)
                0xd001357e                yaffs_init_nand
 .text.yaffs_deinit_nand
                0xd001358e       0x10 ../libs\libh2core.a(yaffs_nand.o)
                0xd001358e                yaffs_deinit_nand
 *fill*         0xd001359e        0x2 d703d703
 .text.yaffs_wr_chunk_tags_nand
                0xd00135a0       0xa8 ../libs\libh2core.a(yaffs_nand.o)
                0xd00135a0                yaffs_wr_chunk_tags_nand
 .text.yaffs_rd_chunk_tags_nand
                0xd0013648       0xa4 ../libs\libh2core.a(yaffs_nand.o)
                0xd0013648                yaffs_rd_chunk_tags_nand
 .text.ynf_init
                0xd00136ec       0x28 ../libs\libh2core.a(yaffs_nand_drv.o)
                0xd00136ec                ynf_init
 .text.ynf_check_block_bad
                0xd0013714       0x34 ../libs\libh2core.a(yaffs_nand_drv.o)
                0xd0013714                ynf_check_block_bad
 .text.ynf_erase_block
                0xd0013748       0x34 ../libs\libh2core.a(yaffs_nand_drv.o)
                0xd0013748                ynf_erase_block
 .text.ynf_mark_block_bad
                0xd001377c       0x34 ../libs\libh2core.a(yaffs_nand_drv.o)
                0xd001377c                ynf_mark_block_bad
 .text.ynf_read_chunk_tags
                0xd00137b0       0xec ../libs\libh2core.a(yaffs_nand_drv.o)
                0xd00137b0                ynf_read_chunk_tags
 .text.ynf_query_block
                0xd001389c       0x7c ../libs\libh2core.a(yaffs_nand_drv.o)
                0xd001389c                ynf_query_block
 .text.ynf_write_chunk_tags
                0xd0013918       0x78 ../libs\libh2core.a(yaffs_nand_drv.o)
                0xd0013918                ynf_write_chunk_tags
 .text.ynf_write_chunk
                0xd0013990       0x14 ../libs\libh2core.a(yaffs_nand_drv.o)
                0xd0013990                ynf_write_chunk
 .text.ynf_read_chunk
                0xd00139a4       0x14 ../libs\libh2core.a(yaffs_nand_drv.o)
                0xd00139a4                ynf_read_chunk
 .text.yaffsfs_GetLastError
                0xd00139b8        0xc ../libs\libh2core.a(yaffs_osglue.o)
                0xd00139b8                yaffsfs_GetLastError
 .text.yaffsfs_CheckMemRegion
                0xd00139c4        0x6 ../libs\libh2core.a(yaffs_osglue.o)
                0xd00139c4                yaffsfs_CheckMemRegion
 .text.yaffsfs_Lock
                0xd00139ca        0x2 ../libs\libh2core.a(yaffs_osglue.o)
                0xd00139ca                yaffsfs_Lock
 .text.yaffsfs_Unlock
                0xd00139cc        0x2 ../libs\libh2core.a(yaffs_osglue.o)
                0xd00139cc                yaffsfs_Unlock
 .text.yaffsfs_CurrentTime
                0xd00139ce        0x2 ../libs\libh2core.a(yaffs_osglue.o)
                0xd00139ce                yaffsfs_CurrentTime
 .text.yaffs_bug_fn
                0xd00139d0       0x34 ../libs\libh2core.a(yaffs_osglue.o)
                0xd00139d0                yaffs_bug_fn
 .text.yaffsfs_free
                0xd0013a04        0xc ../libs\libh2core.a(yaffs_osglue.o)
                0xd0013a04                yaffsfs_free
 .text.yaffsfs_malloc
                0xd0013a10        0xc ../libs\libh2core.a(yaffs_osglue.o)
                0xd0013a10                yaffsfs_malloc
 .text.yaffsfs_SetError
                0xd0013a1c       0x1c ../libs\libh2core.a(yaffs_osglue.o)
                0xd0013a1c                yaffsfs_SetError
 .text.yaffs_dump_packed_tags2_tags_only
                0xd0013a38       0x34 ../libs\libh2core.a(yaffs_packedtags2.o)
 .text.yaffs_dump_tags2
                0xd0013a6c       0x48 ../libs\libh2core.a(yaffs_packedtags2.o)
 .text.yaffs_pack_tags2_tags_only
                0xd0013ab4       0xa4 ../libs\libh2core.a(yaffs_packedtags2.o)
                0xd0013ab4                yaffs_pack_tags2_tags_only
 .text.yaffs_pack_tags2
                0xd0013b58       0x2c ../libs\libh2core.a(yaffs_packedtags2.o)
                0xd0013b58                yaffs_pack_tags2
 .text.yaffs_unpack_tags2_tags_only
                0xd0013b84       0xa8 ../libs\libh2core.a(yaffs_packedtags2.o)
                0xd0013b84                yaffs_unpack_tags2_tags_only
 .text.yaffs_unpack_tags2
                0xd0013c2c       0x80 ../libs\libh2core.a(yaffs_packedtags2.o)
                0xd0013c2c                yaffs_unpack_tags2
 .text.yaffs_summary_sum
                0xd0013cac       0x26 ../libs\libh2core.a(yaffs_summary.o)
 *fill*         0xd0013cd2        0x2 d703d703
 .text.yaffs_summary_fetch
                0xd0013cd4       0x40 ../libs\libh2core.a(yaffs_summary.o)
                0xd0013cd4                yaffs_summary_fetch
 .text.yaffs_summary_clear
                0xd0013d14       0x24 ../libs\libh2core.a(yaffs_summary.o)
 .text.yaffs_summary_add
                0xd0013d38      0x1ec ../libs\libh2core.a(yaffs_summary.o)
                0xd0013d38                yaffs_summary_add
 .text.yaffs_summary_deinit
                0xd0013f24       0x2c ../libs\libh2core.a(yaffs_summary.o)
                0xd0013f24                yaffs_summary_deinit
 .text.yaffs_summary_init
                0xd0013f50       0x6c ../libs\libh2core.a(yaffs_summary.o)
                0xd0013f50                yaffs_summary_init
 .text.yaffs_summary_read
                0xd0013fbc      0x194 ../libs\libh2core.a(yaffs_summary.o)
                0xd0013fbc                yaffs_summary_read
 .text.yaffs_summary_gc
                0xd0014150       0xb0 ../libs\libh2core.a(yaffs_summary.o)
                0xd0014150                yaffs_summary_gc
 .text.yaffs_calc_tags_ecc
                0xd0014200       0x46 ../libs\libh2core.a(yaffs_tagscompat.o)
                0xd0014200                yaffs_calc_tags_ecc
 *fill*         0xd0014246        0x2 d703d703
 .text.yaffs_check_tags_ecc
                0xd0014248       0x5c ../libs\libh2core.a(yaffs_tagscompat.o)
                0xd0014248                yaffs_check_tags_ecc
 .text.yaffs_wr_nand
                0xd00142a4       0x18 ../libs\libh2core.a(yaffs_tagscompat.o)
 .text.yaffs_tags_compat_install
                0xd00142bc       0x50 ../libs\libh2core.a(yaffs_tagscompat.o)
                0xd00142bc                yaffs_tags_compat_install
 .text.yaffs_tags_compat_mark_bad
                0xd001430c       0x4c ../libs\libh2core.a(yaffs_tagscompat.o)
 .text.yaffs_tags_compat_wr
                0xd0014358       0xf0 ../libs\libh2core.a(yaffs_tagscompat.o)
 .text.yaffs_rd_chunk_nand
                0xd0014448      0x214 ../libs\libh2core.a(yaffs_tagscompat.o)
 .text.yaffs_tags_compat_query_block
                0xd001465c       0xb4 ../libs\libh2core.a(yaffs_tagscompat.o)
 .text.yaffs_tags_compat_rd
                0xd0014710      0x128 ../libs\libh2core.a(yaffs_tagscompat.o)
 .text.yaffs_tags_marshall_mark_bad
                0xd0014838        0xa ../libs\libh2core.a(yaffs_tagsmarshall.o)
 *fill*         0xd0014842        0x2 d703d703
 .text.yaffs_tags_marshall_install
                0xd0014844       0x50 ../libs\libh2core.a(yaffs_tagsmarshall.o)
                0xd0014844                yaffs_tags_marshall_install
 .text.yaffs_tags_marshall_read
                0xd0014894      0x15c ../libs\libh2core.a(yaffs_tagsmarshall.o)
 .text.yaffs_tags_marshall_query_block
                0xd00149f0       0xc0 ../libs\libh2core.a(yaffs_tagsmarshall.o)
 .text.yaffs_tags_marshall_write
                0xd0014ab0       0xb8 ../libs\libh2core.a(yaffs_tagsmarshall.o)
 .text.yaffs_skip_verification
                0xd0014b68       0x10 ../libs\libh2core.a(yaffs_verify.o)
                0xd0014b68                yaffs_skip_verification
 .text.yaffs_skip_nand_verification
                0xd0014b78       0x14 ../libs\libh2core.a(yaffs_verify.o)
 .text.yaffs_verify_file_sane
                0xd0014b8c        0x2 ../libs\libh2core.a(yaffs_verify.o)
                0xd0014b8c                yaffs_verify_file_sane
 *fill*         0xd0014b8e        0x2 d703d703
 .text.yaffs_verify_free_chunks
                0xd0014b90       0x58 ../libs\libh2core.a(yaffs_verify.o)
                0xd0014b90                yaffs_verify_free_chunks
 .text.yaffs_verify_oh
                0xd0014be8      0x160 ../libs\libh2core.a(yaffs_verify.o)
                0xd0014be8                yaffs_verify_oh
 .text.yaffs_verify_file
                0xd0014d48       0xcc ../libs\libh2core.a(yaffs_verify.o)
                0xd0014d48                yaffs_verify_file
 .text.yaffs_verify_obj
                0xd0014e14      0x1e4 ../libs\libh2core.a(yaffs_verify.o)
                0xd0014e14                yaffs_verify_obj
 .text.yaffs_verify_obj_in_dir
                0xd0014ff8       0xe8 ../libs\libh2core.a(yaffs_verify.o)
                0xd0014ff8                yaffs_verify_obj_in_dir
 .text.yaffs_verify_dir
                0xd00150e0       0xa4 ../libs\libh2core.a(yaffs_verify.o)
                0xd00150e0                yaffs_verify_dir
 .text.yaffs_verify_objects
                0xd0015184       0x4c ../libs\libh2core.a(yaffs_verify.o)
                0xd0015184                yaffs_verify_objects
 .text.yaffs_verify_blk
                0xd00151d0       0xfc ../libs\libh2core.a(yaffs_verify.o)
                0xd00151d0                yaffs_verify_blk
 .text.yaffs_verify_blocks
                0xd00152cc      0x1bc ../libs\libh2core.a(yaffs_verify.o)
                0xd00152cc                yaffs_verify_blocks
 .text.yaffs_verify_collected_blk
                0xd0015488       0x54 ../libs\libh2core.a(yaffs_verify.o)
                0xd0015488                yaffs_verify_collected_blk
 .text.yaffs1_scan
                0xd00154dc      0x630 ../libs\libh2core.a(yaffs_yaffs1.o)
                0xd00154dc                yaffs1_scan
 .text.yaffs_calc_oldest_dirty_seq
                0xd0015b0c       0x6c ../libs\libh2core.a(yaffs_yaffs2.o)
                0xd0015b0c                yaffs_calc_oldest_dirty_seq
 .text.yaffs2_find_oldest_dirty_seq
                0xd0015b78       0x1c ../libs\libh2core.a(yaffs_yaffs2.o)
                0xd0015b78                yaffs2_find_oldest_dirty_seq
 .text.yaffs2_clear_oldest_dirty_seq
                0xd0015b94       0x20 ../libs\libh2core.a(yaffs_yaffs2.o)
                0xd0015b94                yaffs2_clear_oldest_dirty_seq
 .text.yaffs2_update_oldest_dirty_seq
                0xd0015bb4       0x1e ../libs\libh2core.a(yaffs_yaffs2.o)
                0xd0015bb4                yaffs2_update_oldest_dirty_seq
 *fill*         0xd0015bd2        0x2 d703d703
 .text.yaffs_block_ok_for_gc
                0xd0015bd4       0x30 ../libs\libh2core.a(yaffs_yaffs2.o)
                0xd0015bd4                yaffs_block_ok_for_gc
 .text.yaffs2_checkpt_required
                0xd0015c04       0x34 ../libs\libh2core.a(yaffs_yaffs2.o)
                0xd0015c04                yaffs2_checkpt_required
 .text.yaffs_calc_checkpt_blocks_required
                0xd0015c38       0x80 ../libs\libh2core.a(yaffs_yaffs2.o)
                0xd0015c38                yaffs_calc_checkpt_blocks_required
 .text.yaffs2_ybicmp
                0xd0015cb8       0x14 ../libs\libh2core.a(yaffs_yaffs2.o)
 .text.yaffs2_find_refresh_block
                0xd0015ccc       0xa8 ../libs\libh2core.a(yaffs_yaffs2.o)
                0xd0015ccc                yaffs2_find_refresh_block
 .text.yaffs2_scan_backwards
                0xd0015d74      0xa7c ../libs\libh2core.a(yaffs_yaffs2.o)
                0xd0015d74                yaffs2_scan_backwards
 .text.yaffs2_handle_hole
                0xd00167f0      0x124 ../libs\libh2core.a(yaffs_yaffs2.o)
                0xd00167f0                yaffs2_handle_hole
 .text.yaffs2_rd_checkpt_validity_marker
                0xd0016914       0x4c ../libs\libh2core.a(yaffs_yaffs2.o)
 .text.yaffs2_checkpt_restore
                0xd0016960      0x4dc ../libs\libh2core.a(yaffs_yaffs2.o)
                0xd0016960                yaffs2_checkpt_restore
 .text.yaffs2_checkpt_tnode_worker
                0xd0016e3c       0x88 ../libs\libh2core.a(yaffs_yaffs2.o)
 .text.yaffs2_wr_checkpt_validity_marker
                0xd0016ec4       0x30 ../libs\libh2core.a(yaffs_yaffs2.o)
 .text.yaffs2_checkpt_invalidate
                0xd0016ef4       0x38 ../libs\libh2core.a(yaffs_yaffs2.o)
                0xd0016ef4                yaffs2_checkpt_invalidate
 .text.yaffs_checkpoint_save
                0xd0016f2c      0x394 ../libs\libh2core.a(yaffs_yaffs2.o)
                0xd0016f2c                yaffs_checkpoint_save
 .text.debug_printlcd
                0xd00172c0       0x60 ../libs\libh2core.a(coreutils.o)
                0xd00172c0                debug_printlcd
 .text.sys_get_power_mode
                0xd0017320        0xc ../libs\libh2core.a(h2core.o)
                0xd0017320                sys_get_power_mode
 .text.h2core_ram_test_of_app
                0xd001732c        0x2 ../libs\libh2core.a(h2core.o)
                0xd001732c                h2core_ram_test_of_app
 .text.h2core_ram_test
                0xd001732e       0x36 ../libs\libh2core.a(h2core.o)
                0xd001732e                h2core_ram_test
 .text.h2core_callback
                0xd0017364       0x14 ../libs\libh2core.a(h2core.o)
                0xd0017364                h2core_callback
 .text._h2core_count_restart
                0xd0017378       0x18 ../libs\libh2core.a(h2core.o)
                0xd0017378                _h2core_count_restart
 .text._h2core_is_compile_for_sector
                0xd0017390        0x4 ../libs\libh2core.a(h2core.o)
                0xd0017390                _h2core_is_compile_for_sector
 .text.h2core_get_volume_id
                0xd0017394        0xc ../libs\libh2core.a(h2core.o)
                0xd0017394                h2core_get_volume_id
 .text.h2core_get_restart_count
                0xd00173a0        0xc ../libs\libh2core.a(h2core.o)
                0xd00173a0                h2core_get_restart_count
 .text.h2core_get_running_sector
                0xd00173ac       0x18 ../libs\libh2core.a(h2core.o)
                0xd00173ac                h2core_get_running_sector
 .text.h2core_is_debug
                0xd00173c4       0x10 ../libs\libh2core.a(h2core.o)
                0xd00173c4                h2core_is_debug
 .text._h2core_load_app_start_status
                0xd00173d4       0x28 ../libs\libh2core.a(h2core.o)
                0xd00173d4                _h2core_load_app_start_status
 .text._h2core_start_appwatchdog_timerus
                0xd00173fc       0x38 ../libs\libh2core.a(h2core.o)
                0xd00173fc                _h2core_start_appwatchdog_timerus
 .text._h2core_start_appwatchdog
                0xd0017434       0x40 ../libs\libh2core.a(h2core.o)
                0xd0017434                _h2core_start_appwatchdog
 .text._h2core_stop_appwatchdog
                0xd0017474       0x28 ../libs\libh2core.a(h2core.o)
                0xd0017474                _h2core_stop_appwatchdog
 .text.h2core_reset_watchdog_timer
                0xd001749c       0x24 ../libs\libh2core.a(h2core.o)
                0xd001749c                h2core_reset_watchdog_timer
 .text.h2core_request_watchdog_extension
                0xd00174c0       0x20 ../libs\libh2core.a(h2core.o)
                0xd00174c0                h2core_request_watchdog_extension
 .text.h2core_set_debug
                0xd00174e0       0x28 ../libs\libh2core.a(h2core.o)
                0xd00174e0                h2core_set_debug
 .text._h2core_usb_task
                0xd0017508       0x34 ../libs\libh2core.a(h2core.o)
                0xd0017508                _h2core_usb_task
 .text._h2core_debug
                0xd001753c       0x24 ../libs\libh2core.a(h2core.o)
                0xd001753c                _h2core_debug
 .text.h2core_ini_configurations
                0xd0017560      0x188 ../libs\libh2core.a(h2core.o)
                0xd0017560                h2core_ini_configurations
 .text.h2core_show_startup_log
                0xd00176e8       0x50 ../libs\libh2core.a(h2core.o)
                0xd00176e8                h2core_show_startup_log
 .text.sys_short_press_power
                0xd0017738       0x10 ../libs\libh2core.a(h2core.o)
                0xd0017738                sys_short_press_power
 .text._h2core_magswitch_task
                0xd0017748       0xdc ../libs\libh2core.a(h2core.o)
                0xd0017748                _h2core_magswitch_task
 .text.h2core_task
                0xd0017824       0xb8 ../libs\libh2core.a(h2core.o)
                0xd0017824                h2core_task
 .text.set_fcpu_60mhz
                0xd00178dc       0x94 ../libs\libh2core.a(h2core.o)
                0xd00178dc                set_fcpu_60mhz
 .text.h2core_init
                0xd0017970      0x774 ../libs\libh2core.a(h2core.o)
                0xd0017970                h2core_init
 .text.battery_monitor_init
                0xd00180e4        0x2 ../libs\libh2core.a(battery.o)
                0xd00180e4                battery_monitor_init
 .text.battery_task
                0xd00180e6        0x2 ../libs\libh2core.a(battery.o)
                0xd00180e6                battery_task
 .text.keypad_set_pulse
                0xd00180e8        0x2 ../libs\libh2core.a(keypad.o)
                0xd00180e8                keypad_set_pulse
 .text.mswitch_get_status
                0xd00180ea        0x6 ../libs\libh2core.a(keypad.o)
                0xd00180ea                mswitch_get_status
 .text.BCT3299_SendWord
                0xd00180f0       0x20 ../libs\libh2core.a(ledring.o)
                0xd00180f0                BCT3299_SendWord
 .text.BCT3299_WriteRC
                0xd0018110       0x34 ../libs\libh2core.a(ledring.o)
                0xd0018110                BCT3299_WriteRC
 .text.led_ring_off
                0xd0018144       0xf8 ../libs\libh2core.a(ledring.o)
                0xd0018144                led_ring_off
 .text.led_ring_on
                0xd001823c      0x5ac ../libs\libh2core.a(ledring.o)
                0xd001823c                led_ring_on
 .text._led_ring_intr_check
                0xd00187e8       0x98 ../libs\libh2core.a(ledring.o)
                0xd00187e8                _led_ring_intr_check
 .text.ledring_set
                0xd0018880      0x168 ../libs\libh2core.a(ledring.o)
                0xd0018880                ledring_set
 .text.set_led_ring
                0xd00189e8       0x6c ../libs\libh2core.a(ledring.o)
                0xd00189e8                set_led_ring
 .text.ledring_init
                0xd0018a54       0x20 ../libs\libh2core.a(ledring.o)
                0xd0018a54                ledring_init
 .text.sleeprtc_init
                0xd0018a74       0x6c ../libs\libh2core.a(sleeprtc.o)
                0xd0018a74                sleeprtc_init
 .text.sleeprtc_irq
                0xd0018ae0       0x1c ../libs\libh2core.a(sleeprtc.o)
                0xd0018ae0                sleeprtc_irq
 .text.rtc_is_busy
                0xd0018afc        0x8 ../libs\libh2core.a(rtc.o)
                0xd0018afc                rtc_is_busy
 .text.rtc_set_value
                0xd0018b04       0x24 ../libs\libh2core.a(rtc.o)
                0xd0018b04                rtc_set_value
 .text.rtc_disable
                0xd0018b28       0x24 ../libs\libh2core.a(rtc.o)
                0xd0018b28                rtc_disable
 .text.rtc_set_top_value
                0xd0018b4c       0x24 ../libs\libh2core.a(rtc.o)
                0xd0018b4c                rtc_set_top_value
 .text.rtc_clear_interrupt
                0xd0018b70       0x1e ../libs\libh2core.a(rtc.o)
                0xd0018b70                rtc_clear_interrupt
 .text.rtc_disable_interrupt
                0xd0018b8e       0x1e ../libs\libh2core.a(rtc.o)
                0xd0018b8e                rtc_disable_interrupt
 .text.avrrtc_init
                0xd0018bac       0x80 ../libs\libh2core.a(rtc.o)
                0xd0018bac                avrrtc_init
 .text.sysclk_enable_pba_module
                0xd0018c2c       0x10 ../libs\libh2core.a(sam.o)
 .text._sam_init
                0xd0018c3c       0xa4 ../libs\libh2core.a(sam.o)
                0xd0018c3c                _sam_init
 .text.sam_init
                0xd0018ce0       0x38 ../libs\libh2core.a(sam.o)
                0xd0018ce0                sam_init
 .text.serial_int_handler
                0xd0018d18       0x3c ../libs\libh2core.a(serial.o)
 .text.rs232_serial_set_baudrate
                0xd0018d54       0x58 ../libs\libh2core.a(serial.o)
                0xd0018d54                rs232_serial_set_baudrate
 .text.rs232_serial_task
                0xd0018dac       0xd0 ../libs\libh2core.a(serial.o)
                0xd0018dac                rs232_serial_task
 .text.sysclk_enable_pba_module
                0xd0018e7c       0x10 ../libs\libh2core.a(serial.o)
 .text.serial_init
                0xd0018e8c       0xbc ../libs\libh2core.a(serial.o)
                0xd0018e8c                serial_init
 .text.nand_flash_ecc_write_page
                0xd0018f48       0x8c ../libs\libh2core.a(nand_flash_ecc_sw.o)
                0xd0018f48                nand_flash_ecc_write_page
 .text.nand_flash_ecc_read_page
                0xd0018fd4       0x84 ../libs\libh2core.a(nand_flash_ecc_sw.o)
                0xd0018fd4                nand_flash_ecc_read_page
 .text.nand_flash_model_get_scheme
                0xd0019058        0x4 ../libs\libh2core.a(nand_flash_model.o)
                0xd0019058                nand_flash_model_get_scheme
 .text.nand_flash_model_get_device_size_in_blocks
                0xd001905c       0x10 ../libs\libh2core.a(nand_flash_model.o)
                0xd001905c                nand_flash_model_get_device_size_in_blocks
 .text.nand_flash_model_get_block_size_in_pages
                0xd001906c        0xc ../libs\libh2core.a(nand_flash_model.o)
                0xd001906c                nand_flash_model_get_block_size_in_pages
 .text.nand_flash_model_get_device_size_in_pages
                0xd0019078       0x28 ../libs\libh2core.a(nand_flash_model.o)
                0xd0019078                nand_flash_model_get_device_size_in_pages
 .text.nand_flash_model_get_page_data_size
                0xd00190a0        0x4 ../libs\libh2core.a(nand_flash_model.o)
                0xd00190a0                nand_flash_model_get_page_data_size
 .text.nand_flash_model_get_page_spare_size
                0xd00190a4        0x6 ../libs\libh2core.a(nand_flash_model.o)
                0xd00190a4                nand_flash_model_get_page_spare_size
 .text.nand_flash_model_get_data_bus_width
                0xd00190aa       0x10 ../libs\libh2core.a(nand_flash_model.o)
                0xd00190aa                nand_flash_model_get_data_bus_width
 .text.nand_flash_model_small_block
                0xd00190ba        0xe ../libs\libh2core.a(nand_flash_model.o)
                0xd00190ba                nand_flash_model_small_block
 .text.nand_flash_model_find
                0xd00190c8       0xe0 ../libs\libh2core.a(nand_flash_model.o)
                0xd00190c8                nand_flash_model_find
 .text.check_status
                0xd00191a8       0x16 ../libs\libh2core.a(nand_flash_raw_smc.o)
 *fill*         0xd00191be        0x2 d703d703
 .text.write_column_address
                0xd00191c0       0x68 ../libs\libh2core.a(nand_flash_raw_smc.o)
 .text.read_data
                0xd0019228       0x7c ../libs\libh2core.a(nand_flash_raw_smc.o)
 .text.write_data
                0xd00192a4       0x90 ../libs\libh2core.a(nand_flash_raw_smc.o)
 .text.write_row_address
                0xd0019334       0x40 ../libs\libh2core.a(nand_flash_raw_smc.o)
 .text.wait_ready
                0xd0019374       0x18 ../libs\libh2core.a(nand_flash_raw_smc.o)
 .text.nand_flash_raw_reset
                0xd001938c       0x2c ../libs\libh2core.a(nand_flash_raw_smc.o)
                0xd001938c                nand_flash_raw_reset
 .text.nand_flash_raw_write_page
                0xd00193b8      0x12c ../libs\libh2core.a(nand_flash_raw_smc.o)
                0xd00193b8                nand_flash_raw_write_page
 .text.nand_flash_raw_read_page
                0xd00194e4      0x108 ../libs\libh2core.a(nand_flash_raw_smc.o)
                0xd00194e4                nand_flash_raw_read_page
 .text.nand_flash_raw_read_id
                0xd00195ec       0x4c ../libs\libh2core.a(nand_flash_raw_smc.o)
                0xd00195ec                nand_flash_raw_read_id
 .text.nand_flash_raw_erase_block
                0xd0019638       0x78 ../libs\libh2core.a(nand_flash_raw_smc.o)
                0xd0019638                nand_flash_raw_erase_block
 .text.nand_flash_raw_initialize
                0xd00196b0       0x60 ../libs\libh2core.a(nand_flash_raw_smc.o)
                0xd00196b0                nand_flash_raw_initialize
 .text.nand_flash_spare_scheme_read_bad_block_marker
                0xd0019710        0xa ../libs\libh2core.a(nand_flash_spare_scheme.o)
                0xd0019710                nand_flash_spare_scheme_read_bad_block_marker
 .text.nand_flash_spare_scheme_write_bad_block_marker
                0xd001971a        0x8 ../libs\libh2core.a(nand_flash_spare_scheme.o)
                0xd001971a                nand_flash_spare_scheme_write_bad_block_marker
 .text.nand_flash_spare_scheme_read_ecc
                0xd0019722       0x26 ../libs\libh2core.a(nand_flash_spare_scheme.o)
                0xd0019722                nand_flash_spare_scheme_read_ecc
 .text.nand_flash_spare_scheme_write_ecc
                0xd0019748       0x28 ../libs\libh2core.a(nand_flash_spare_scheme.o)
                0xd0019748                nand_flash_spare_scheme_write_ecc
 .text.nand_flash_spare_scheme_read_extra
                0xd0019770       0x1e ../libs\libh2core.a(nand_flash_spare_scheme.o)
                0xd0019770                nand_flash_spare_scheme_read_extra
 .text.nand_flash_spare_scheme_write_extra
                0xd001978e       0x22 ../libs\libh2core.a(nand_flash_spare_scheme.o)
                0xd001978e                nand_flash_spare_scheme_write_extra
 .text.usb_sof_action
                0xd00197b0       0x10 ../libs\libh2core.a(device_cdc_task.o)
                0xd00197b0                usb_sof_action
 .text.device_cdc_task
                0xd00197c0       0xac ../libs\libh2core.a(device_cdc_task.o)
                0xd00197c0                device_cdc_task
 .text.device_cdc_task_init
                0xd001986c       0x28 ../libs\libh2core.a(device_cdc_task.o)
                0xd001986c                device_cdc_task_init
 .text.uart_usb_init
                0xd0019894       0x14 ../libs\libh2core.a(uart_usb_lib.o)
                0xd0019894                uart_usb_init
 .text.uart_usb_test_hit
                0xd00198a8       0x5c ../libs\libh2core.a(uart_usb_lib.o)
                0xd00198a8                uart_usb_test_hit
 .text.uart_usb_getchar
                0xd0019904       0x44 ../libs\libh2core.a(uart_usb_lib.o)
                0xd0019904                uart_usb_getchar
 .text.uart_usb_tx_ready
                0xd0019948       0x34 ../libs\libh2core.a(uart_usb_lib.o)
                0xd0019948                uart_usb_tx_ready
 .text.uart_usb_flush
                0xd001997c       0x58 ../libs\libh2core.a(uart_usb_lib.o)
                0xd001997c                uart_usb_flush
 .text.uart_usb_putpacket
                0xd00199d4       0x50 ../libs\libh2core.a(uart_usb_lib.o)
                0xd00199d4                uart_usb_putpacket
 .text.usb_write_ep_txpacket
                0xd0019a24      0x128 ../libs\libh2core.a(usb_drv.o)
                0xd0019a24                usb_write_ep_txpacket
 .text.usb_init_device
                0xd0019b4c       0x6a ../libs\libh2core.a(usb_drv.o)
                0xd0019b4c                usb_init_device
 *fill*         0xd0019bb6        0x2 d703d703
 .text.usb_serial_get_outgoing_packet
                0xd0019bb8       0x2c ../libs\libh2core.a(usb_serial.o)
                0xd0019bb8                usb_serial_get_outgoing_packet
 .text.usb_serial_flush_outgoing_packet
                0xd0019be4       0x30 ../libs\libh2core.a(usb_serial.o)
                0xd0019be4                usb_serial_flush_outgoing_packet
 .text.usb_serial_hit_out
                0xd0019c14       0x18 ../libs\libh2core.a(usb_serial.o)
                0xd0019c14                usb_serial_hit_out
 .text.usb_serial_set_incoming
                0xd0019c2c       0x4c ../libs\libh2core.a(usb_serial.o)
                0xd0019c2c                usb_serial_set_incoming
 .text.usb_serial_task
                0xd0019c78       0x64 ../libs\libh2core.a(usb_serial.o)
                0xd0019c78                usb_serial_task
 .text.usb_serail_init
                0xd0019cdc       0x84 ../libs\libh2core.a(usb_serial.o)
                0xd0019cdc                usb_serail_init
 .text.usb_process_request
                0xd0019d60      0x8a0 ../libs\libh2core.a(usb_standard_request.o)
                0xd0019d60                usb_process_request
 .text.usb_task
                0xd001a600        0xc ../libs\libh2core.a(usb_task.o)
                0xd001a600                usb_task
 .text.usb_task_init
                0xd001a60c       0x38 ../libs\libh2core.a(usb_task.o)
                0xd001a60c                usb_task_init
 .text.usb_general_interrupt
                0xd001a644      0x170 ../libs\libh2core.a(usb_task.o)
 .text.usb_on_off
                0xd001a7b4       0x68 ../libs\libh2core.a(usb_task.o)
                0xd001a7b4                usb_on_off
 .text.sdramc_ck_delay
                0xd001a81c       0x22 ../libs\libh2core.a(sdramc.o)
 *fill*         0xd001a83e        0x2 d703d703
 .text.sdramc_init
                0xd001a840      0x16c ../libs\libh2core.a(sdramc.o)
                0xd001a840                sdramc_init
 .text.flashc_set_wait_state
                0xd001a9ac        0xe ../libs\libh2core.a(flashc.o)
                0xd001a9ac                flashc_set_wait_state
 *fill*         0xd001a9ba        0x2 d703d703
 .text.pcl_configure_usb_clock
                0xd001a9bc        0xc ../libs\libh2core.a(power_clocks_lib.o)
                0xd001a9bc                pcl_configure_usb_clock
 .text.phbalReg_Exchange
                0xd001a9c8       0x4c ../libs\libh2core.a(phbalReg.o)